Archive member included to satisfy reference by file (symbol)

/opt/Atollic_TrueSTUDIO_for_STM32_x86_64_9.3.0/ARMTools/bin/../lib/gcc/arm-atollic-eabi/6.3.1/../../../../arm-atollic-eabi/lib/armv7-m/libc_nano.a(lib_a-errno.o)
                              Src/syscalls.o (__errno)
/opt/Atollic_TrueSTUDIO_for_STM32_x86_64_9.3.0/ARMTools/bin/../lib/gcc/arm-atollic-eabi/6.3.1/../../../../arm-atollic-eabi/lib/armv7-m/libc_nano.a(lib_a-impure.o)
                              /opt/Atollic_TrueSTUDIO_for_STM32_x86_64_9.3.0/ARMTools/bin/../lib/gcc/arm-atollic-eabi/6.3.1/../../../../arm-atollic-eabi/lib/armv7-m/libc_nano.a(lib_a-errno.o) (_impure_ptr)
/opt/Atollic_TrueSTUDIO_for_STM32_x86_64_9.3.0/ARMTools/bin/../lib/gcc/arm-atollic-eabi/6.3.1/../../../../arm-atollic-eabi/lib/armv7-m/libc_nano.a(lib_a-init.o)
                              startup/startup_stm32f103xb.o (__libc_init_array)
/opt/Atollic_TrueSTUDIO_for_STM32_x86_64_9.3.0/ARMTools/bin/../lib/gcc/arm-atollic-eabi/6.3.1/../../../../arm-atollic-eabi/lib/armv7-m/libc_nano.a(lib_a-memset.o)
                              Drivers/STM32F1xx_HAL_Driver/Src/stm32f1xx_hal_rcc.o (memset)
/opt/Atollic_TrueSTUDIO_for_STM32_x86_64_9.3.0/ARMTools/bin/../lib/gcc/arm-atollic-eabi/6.3.1/armv7-m/libgcc.a(_lshrdi3.o)
                              Drivers/STM32F1xx_HAL_Driver/Src/stm32f1xx_hal_flash.o (__aeabi_llsr)

Allocating common symbols
Common symbol       size              file

uwTick              0x4               Drivers/STM32F1xx_HAL_Driver/Src/stm32f1xx_hal.o
pFlash              0x20              Drivers/STM32F1xx_HAL_Driver/Src/stm32f1xx_hal_flash.o
hadc1               0x30              Src/main.o
huart1              0x40              Src/main.o

Discarded input sections

 .text          0x0000000000000000        0x0 /opt/Atollic_TrueSTUDIO_for_STM32_x86_64_9.3.0/ARMTools/bin/../lib/gcc/arm-atollic-eabi/6.3.1/armv7-m/crti.o
 .data          0x0000000000000000        0x0 /opt/Atollic_TrueSTUDIO_for_STM32_x86_64_9.3.0/ARMTools/bin/../lib/gcc/arm-atollic-eabi/6.3.1/armv7-m/crti.o
 .bss           0x0000000000000000        0x0 /opt/Atollic_TrueSTUDIO_for_STM32_x86_64_9.3.0/ARMTools/bin/../lib/gcc/arm-atollic-eabi/6.3.1/armv7-m/crti.o
 .data          0x0000000000000000        0x4 /opt/Atollic_TrueSTUDIO_for_STM32_x86_64_9.3.0/ARMTools/bin/../lib/gcc/arm-atollic-eabi/6.3.1/armv7-m/crtbegin.o
 .text          0x0000000000000000        0x0 Drivers/STM32F1xx_HAL_Driver/Src/stm32f1xx_hal.o
 .data          0x0000000000000000        0x0 Drivers/STM32F1xx_HAL_Driver/Src/stm32f1xx_hal.o
 .bss           0x0000000000000000        0x0 Drivers/STM32F1xx_HAL_Driver/Src/stm32f1xx_hal.o
 .text.HAL_MspInit
                0x0000000000000000        0x2 Drivers/STM32F1xx_HAL_Driver/Src/stm32f1xx_hal.o
 .text.HAL_MspDeInit
                0x0000000000000000        0x2 Drivers/STM32F1xx_HAL_Driver/Src/stm32f1xx_hal.o
 .text.HAL_DeInit
                0x0000000000000000       0x20 Drivers/STM32F1xx_HAL_Driver/Src/stm32f1xx_hal.o
 .text.HAL_GetTickPrio
                0x0000000000000000        0xc Drivers/STM32F1xx_HAL_Driver/Src/stm32f1xx_hal.o
 .text.HAL_SetTickFreq
                0x0000000000000000       0x24 Drivers/STM32F1xx_HAL_Driver/Src/stm32f1xx_hal.o
 .text.HAL_GetTickFreq
                0x0000000000000000        0xc Drivers/STM32F1xx_HAL_Driver/Src/stm32f1xx_hal.o
 .text.HAL_Delay
                0x0000000000000000       0x24 Drivers/STM32F1xx_HAL_Driver/Src/stm32f1xx_hal.o
 .text.HAL_SuspendTick
                0x0000000000000000       0x10 Drivers/STM32F1xx_HAL_Driver/Src/stm32f1xx_hal.o
 .text.HAL_ResumeTick
                0x0000000000000000       0x10 Drivers/STM32F1xx_HAL_Driver/Src/stm32f1xx_hal.o
 .text.HAL_GetHalVersion
                0x0000000000000000        0x8 Drivers/STM32F1xx_HAL_Driver/Src/stm32f1xx_hal.o
 .text.HAL_GetREVID
                0x0000000000000000        0xc Drivers/STM32F1xx_HAL_Driver/Src/stm32f1xx_hal.o
 .text.HAL_GetDEVID
                0x0000000000000000       0x10 Drivers/STM32F1xx_HAL_Driver/Src/stm32f1xx_hal.o
 .text.HAL_DBGMCU_EnableDBGSleepMode
                0x0000000000000000       0x10 Drivers/STM32F1xx_HAL_Driver/Src/stm32f1xx_hal.o
 .text.HAL_DBGMCU_DisableDBGSleepMode
                0x0000000000000000       0x10 Drivers/STM32F1xx_HAL_Driver/Src/stm32f1xx_hal.o
 .text.HAL_DBGMCU_EnableDBGStopMode
                0x0000000000000000       0x10 Drivers/STM32F1xx_HAL_Driver/Src/stm32f1xx_hal.o
 .text.HAL_DBGMCU_DisableDBGStopMode
                0x0000000000000000       0x10 Drivers/STM32F1xx_HAL_Driver/Src/stm32f1xx_hal.o
 .text.HAL_DBGMCU_EnableDBGStandbyMode
                0x0000000000000000       0x10 Drivers/STM32F1xx_HAL_Driver/Src/stm32f1xx_hal.o
 .text.HAL_DBGMCU_DisableDBGStandbyMode
                0x0000000000000000       0x10 Drivers/STM32F1xx_HAL_Driver/Src/stm32f1xx_hal.o
 .text.HAL_GetUID
                0x0000000000000000       0x20 Drivers/STM32F1xx_HAL_Driver/Src/stm32f1xx_hal.o
 .text          0x0000000000000000        0x0 Drivers/STM32F1xx_HAL_Driver/Src/stm32f1xx_hal_adc.o
 .data          0x0000000000000000        0x0 Drivers/STM32F1xx_HAL_Driver/Src/stm32f1xx_hal_adc.o
 .bss           0x0000000000000000        0x0 Drivers/STM32F1xx_HAL_Driver/Src/stm32f1xx_hal_adc.o
 .text.HAL_ADC_MspInit
                0x0000000000000000        0x2 Drivers/STM32F1xx_HAL_Driver/Src/stm32f1xx_hal_adc.o
 .text.HAL_ADC_MspDeInit
                0x0000000000000000        0x2 Drivers/STM32F1xx_HAL_Driver/Src/stm32f1xx_hal_adc.o
 .text.HAL_ADC_PollForConversion
                0x0000000000000000      0x13c Drivers/STM32F1xx_HAL_Driver/Src/stm32f1xx_hal_adc.o
 .text.HAL_ADC_PollForEvent
                0x0000000000000000       0x4e Drivers/STM32F1xx_HAL_Driver/Src/stm32f1xx_hal_adc.o
 .text.HAL_ADC_GetValue
                0x0000000000000000        0x6 Drivers/STM32F1xx_HAL_Driver/Src/stm32f1xx_hal_adc.o
 .text.ADC_DMAConvCplt
                0x0000000000000000       0x4e Drivers/STM32F1xx_HAL_Driver/Src/stm32f1xx_hal_adc.o
 .text.HAL_ADC_ConvHalfCpltCallback
                0x0000000000000000        0x2 Drivers/STM32F1xx_HAL_Driver/Src/stm32f1xx_hal_adc.o
 .text.ADC_DMAHalfConvCplt
                0x0000000000000000        0xa Drivers/STM32F1xx_HAL_Driver/Src/stm32f1xx_hal_adc.o
 .text.HAL_ADC_ErrorCallback
                0x0000000000000000        0x2 Drivers/STM32F1xx_HAL_Driver/Src/stm32f1xx_hal_adc.o
 .text.ADC_DMAError
                0x0000000000000000       0x1a Drivers/STM32F1xx_HAL_Driver/Src/stm32f1xx_hal_adc.o
 .text.HAL_ADC_AnalogWDGConfig
                0x0000000000000000       0x50 Drivers/STM32F1xx_HAL_Driver/Src/stm32f1xx_hal_adc.o
 .text.HAL_ADC_GetState
                0x0000000000000000        0x4 Drivers/STM32F1xx_HAL_Driver/Src/stm32f1xx_hal_adc.o
 .text.HAL_ADC_GetError
                0x0000000000000000        0x4 Drivers/STM32F1xx_HAL_Driver/Src/stm32f1xx_hal_adc.o
 .text.ADC_Enable
                0x0000000000000000       0x70 Drivers/STM32F1xx_HAL_Driver/Src/stm32f1xx_hal_adc.o
 .text.HAL_ADC_Start
                0x0000000000000000       0xc4 Drivers/STM32F1xx_HAL_Driver/Src/stm32f1xx_hal_adc.o
 .text.HAL_ADC_Start_IT
                0x0000000000000000       0xcc Drivers/STM32F1xx_HAL_Driver/Src/stm32f1xx_hal_adc.o
 .text.HAL_ADC_Start_DMA
                0x0000000000000000      0x11c Drivers/STM32F1xx_HAL_Driver/Src/stm32f1xx_hal_adc.o
 .text.HAL_ADC_DeInit
                0x0000000000000000       0xc0 Drivers/STM32F1xx_HAL_Driver/Src/stm32f1xx_hal_adc.o
 .text.HAL_ADC_Stop
                0x0000000000000000       0x34 Drivers/STM32F1xx_HAL_Driver/Src/stm32f1xx_hal_adc.o
 .text.HAL_ADC_Stop_IT
                0x0000000000000000       0x3e Drivers/STM32F1xx_HAL_Driver/Src/stm32f1xx_hal_adc.o
 .text.HAL_ADC_Stop_DMA
                0x0000000000000000       0x4c Drivers/STM32F1xx_HAL_Driver/Src/stm32f1xx_hal_adc.o
 .text          0x0000000000000000        0x0 Drivers/STM32F1xx_HAL_Driver/Src/stm32f1xx_hal_adc_ex.o
 .data          0x0000000000000000        0x0 Drivers/STM32F1xx_HAL_Driver/Src/stm32f1xx_hal_adc_ex.o
 .bss           0x0000000000000000        0x0 Drivers/STM32F1xx_HAL_Driver/Src/stm32f1xx_hal_adc_ex.o
 .text.HAL_ADCEx_Calibration_Start
                0x0000000000000000       0xd0 Drivers/STM32F1xx_HAL_Driver/Src/stm32f1xx_hal_adc_ex.o
 .text.HAL_ADCEx_InjectedStart
                0x0000000000000000       0xac Drivers/STM32F1xx_HAL_Driver/Src/stm32f1xx_hal_adc_ex.o
 .text.HAL_ADCEx_InjectedStop
                0x0000000000000000       0x4e Drivers/STM32F1xx_HAL_Driver/Src/stm32f1xx_hal_adc_ex.o
 .text.HAL_ADCEx_InjectedPollForConversion
                0x0000000000000000      0x138 Drivers/STM32F1xx_HAL_Driver/Src/stm32f1xx_hal_adc_ex.o
 .text.HAL_ADCEx_InjectedStart_IT
                0x0000000000000000       0xb4 Drivers/STM32F1xx_HAL_Driver/Src/stm32f1xx_hal_adc_ex.o
 .text.HAL_ADCEx_InjectedStop_IT
                0x0000000000000000       0x58 Drivers/STM32F1xx_HAL_Driver/Src/stm32f1xx_hal_adc_ex.o
 .text.HAL_ADCEx_MultiModeStart_DMA
                0x0000000000000000       0xdc Drivers/STM32F1xx_HAL_Driver/Src/stm32f1xx_hal_adc_ex.o
 .text.HAL_ADCEx_MultiModeStop_DMA
                0x0000000000000000       0x78 Drivers/STM32F1xx_HAL_Driver/Src/stm32f1xx_hal_adc_ex.o
 .text.HAL_ADCEx_InjectedGetValue
                0x0000000000000000       0x1e Drivers/STM32F1xx_HAL_Driver/Src/stm32f1xx_hal_adc_ex.o
 .text.HAL_ADCEx_MultiModeGetValue
                0x0000000000000000       0x20 Drivers/STM32F1xx_HAL_Driver/Src/stm32f1xx_hal_adc_ex.o
 .text.HAL_ADCEx_InjectedConfigChannel
                0x0000000000000000      0x1d8 Drivers/STM32F1xx_HAL_Driver/Src/stm32f1xx_hal_adc_ex.o
 .text.HAL_ADCEx_MultiModeConfigChannel
                0x0000000000000000       0x58 Drivers/STM32F1xx_HAL_Driver/Src/stm32f1xx_hal_adc_ex.o
 .text          0x0000000000000000        0x0 Drivers/STM32F1xx_HAL_Driver/Src/stm32f1xx_hal_cortex.o
 .data          0x0000000000000000        0x0 Drivers/STM32F1xx_HAL_Driver/Src/stm32f1xx_hal_cortex.o
 .bss           0x0000000000000000        0x0 Drivers/STM32F1xx_HAL_Driver/Src/stm32f1xx_hal_cortex.o
 .text.HAL_NVIC_DisableIRQ
                0x0000000000000000       0x1c Drivers/STM32F1xx_HAL_Driver/Src/stm32f1xx_hal_cortex.o
 .text.HAL_NVIC_SystemReset
                0x0000000000000000       0x24 Drivers/STM32F1xx_HAL_Driver/Src/stm32f1xx_hal_cortex.o
 .text.HAL_NVIC_GetPriorityGrouping
                0x0000000000000000       0x10 Drivers/STM32F1xx_HAL_Driver/Src/stm32f1xx_hal_cortex.o
 .text.HAL_NVIC_GetPriority
                0x0000000000000000       0x5c Drivers/STM32F1xx_HAL_Driver/Src/stm32f1xx_hal_cortex.o
 .text.HAL_NVIC_SetPendingIRQ
                0x0000000000000000       0x1c Drivers/STM32F1xx_HAL_Driver/Src/stm32f1xx_hal_cortex.o
 .text.HAL_NVIC_GetPendingIRQ
                0x0000000000000000       0x1c Drivers/STM32F1xx_HAL_Driver/Src/stm32f1xx_hal_cortex.o
 .text.HAL_NVIC_ClearPendingIRQ
                0x0000000000000000       0x1c Drivers/STM32F1xx_HAL_Driver/Src/stm32f1xx_hal_cortex.o
 .text.HAL_NVIC_GetActive
                0x0000000000000000       0x1c Drivers/STM32F1xx_HAL_Driver/Src/stm32f1xx_hal_cortex.o
 .text.HAL_SYSTICK_CLKSourceConfig
                0x0000000000000000       0x18 Drivers/STM32F1xx_HAL_Driver/Src/stm32f1xx_hal_cortex.o
 .text.HAL_SYSTICK_Callback
                0x0000000000000000        0x2 Drivers/STM32F1xx_HAL_Driver/Src/stm32f1xx_hal_cortex.o
 .text.HAL_SYSTICK_IRQHandler
                0x0000000000000000        0x8 Drivers/STM32F1xx_HAL_Driver/Src/stm32f1xx_hal_cortex.o
 .text          0x0000000000000000        0x0 Drivers/STM32F1xx_HAL_Driver/Src/stm32f1xx_hal_dma.o
 .data          0x0000000000000000        0x0 Drivers/STM32F1xx_HAL_Driver/Src/stm32f1xx_hal_dma.o
 .bss           0x0000000000000000        0x0 Drivers/STM32F1xx_HAL_Driver/Src/stm32f1xx_hal_dma.o
 .text.HAL_DMA_Init
                0x0000000000000000       0x60 Drivers/STM32F1xx_HAL_Driver/Src/stm32f1xx_hal_dma.o
 .text.HAL_DMA_DeInit
                0x0000000000000000       0x54 Drivers/STM32F1xx_HAL_Driver/Src/stm32f1xx_hal_dma.o
 .text.HAL_DMA_Start
                0x0000000000000000       0x5c Drivers/STM32F1xx_HAL_Driver/Src/stm32f1xx_hal_dma.o
 .text.HAL_DMA_Start_IT
                0x0000000000000000       0x7a Drivers/STM32F1xx_HAL_Driver/Src/stm32f1xx_hal_dma.o
 .text.HAL_DMA_Abort
                0x0000000000000000       0x2c Drivers/STM32F1xx_HAL_Driver/Src/stm32f1xx_hal_dma.o
 .text.HAL_DMA_PollForTransfer
                0x0000000000000000      0x238 Drivers/STM32F1xx_HAL_Driver/Src/stm32f1xx_hal_dma.o
 .text.HAL_DMA_IRQHandler
                0x0000000000000000      0x128 Drivers/STM32F1xx_HAL_Driver/Src/stm32f1xx_hal_dma.o
 .text.HAL_DMA_RegisterCallback
                0x0000000000000000       0x46 Drivers/STM32F1xx_HAL_Driver/Src/stm32f1xx_hal_dma.o
 .text.HAL_DMA_UnRegisterCallback
                0x0000000000000000       0x4e Drivers/STM32F1xx_HAL_Driver/Src/stm32f1xx_hal_dma.o
 .text.HAL_DMA_GetState
                0x0000000000000000        0x6 Drivers/STM32F1xx_HAL_Driver/Src/stm32f1xx_hal_dma.o
 .text.HAL_DMA_GetError
                0x0000000000000000        0x4 Drivers/STM32F1xx_HAL_Driver/Src/stm32f1xx_hal_dma.o
 .text          0x0000000000000000        0x0 Drivers/STM32F1xx_HAL_Driver/Src/stm32f1xx_hal_flash.o
 .data          0x0000000000000000        0x0 Drivers/STM32F1xx_HAL_Driver/Src/stm32f1xx_hal_flash.o
 .bss           0x0000000000000000        0x0 Drivers/STM32F1xx_HAL_Driver/Src/stm32f1xx_hal_flash.o
 .text.FLASH_SetErrorCode
                0x0000000000000000       0x50 Drivers/STM32F1xx_HAL_Driver/Src/stm32f1xx_hal_flash.o
 .text.HAL_FLASH_Program_IT
                0x0000000000000000       0x5c Drivers/STM32F1xx_HAL_Driver/Src/stm32f1xx_hal_flash.o
 .text.HAL_FLASH_EndOfOperationCallback
                0x0000000000000000        0x2 Drivers/STM32F1xx_HAL_Driver/Src/stm32f1xx_hal_flash.o
 .text.HAL_FLASH_OperationErrorCallback
                0x0000000000000000        0x2 Drivers/STM32F1xx_HAL_Driver/Src/stm32f1xx_hal_flash.o
 .text.HAL_FLASH_IRQHandler
                0x0000000000000000      0x114 Drivers/STM32F1xx_HAL_Driver/Src/stm32f1xx_hal_flash.o
 .text.HAL_FLASH_Unlock
                0x0000000000000000       0x24 Drivers/STM32F1xx_HAL_Driver/Src/stm32f1xx_hal_flash.o
 .text.HAL_FLASH_Lock
                0x0000000000000000       0x14 Drivers/STM32F1xx_HAL_Driver/Src/stm32f1xx_hal_flash.o
 .text.HAL_FLASH_OB_Unlock
                0x0000000000000000       0x24 Drivers/STM32F1xx_HAL_Driver/Src/stm32f1xx_hal_flash.o
 .text.HAL_FLASH_OB_Lock
                0x0000000000000000       0x14 Drivers/STM32F1xx_HAL_Driver/Src/stm32f1xx_hal_flash.o
 .text.HAL_FLASH_OB_Launch
                0x0000000000000000        0x4 Drivers/STM32F1xx_HAL_Driver/Src/stm32f1xx_hal_flash.o
 .text.HAL_FLASH_GetError
                0x0000000000000000        0xc Drivers/STM32F1xx_HAL_Driver/Src/stm32f1xx_hal_flash.o
 .text.FLASH_WaitForLastOperation
                0x0000000000000000       0x54 Drivers/STM32F1xx_HAL_Driver/Src/stm32f1xx_hal_flash.o
 .text.HAL_FLASH_Program
                0x0000000000000000       0x8c Drivers/STM32F1xx_HAL_Driver/Src/stm32f1xx_hal_flash.o
 .debug_info    0x0000000000000000      0xeeb Drivers/STM32F1xx_HAL_Driver/Src/stm32f1xx_hal_flash.o
 .debug_abbrev  0x0000000000000000      0x373 Drivers/STM32F1xx_HAL_Driver/Src/stm32f1xx_hal_flash.o
 .debug_loc     0x0000000000000000      0x334 Drivers/STM32F1xx_HAL_Driver/Src/stm32f1xx_hal_flash.o
 .debug_aranges
                0x0000000000000000       0x78 Drivers/STM32F1xx_HAL_Driver/Src/stm32f1xx_hal_flash.o
 .debug_ranges  0x0000000000000000       0xb8 Drivers/STM32F1xx_HAL_Driver/Src/stm32f1xx_hal_flash.o
 .debug_line    0x0000000000000000      0x4fd Drivers/STM32F1xx_HAL_Driver/Src/stm32f1xx_hal_flash.o
 .debug_str     0x0000000000000000      0xa16 Drivers/STM32F1xx_HAL_Driver/Src/stm32f1xx_hal_flash.o
 .comment       0x0000000000000000       0x7d Drivers/STM32F1xx_HAL_Driver/Src/stm32f1xx_hal_flash.o
 .debug_frame   0x0000000000000000      0x120 Drivers/STM32F1xx_HAL_Driver/Src/stm32f1xx_hal_flash.o
 .ARM.attributes
                0x0000000000000000       0x33 Drivers/STM32F1xx_HAL_Driver/Src/stm32f1xx_hal_flash.o
 COMMON         0x0000000000000000       0x20 Drivers/STM32F1xx_HAL_Driver/Src/stm32f1xx_hal_flash.o
 .text          0x0000000000000000        0x0 Drivers/STM32F1xx_HAL_Driver/Src/stm32f1xx_hal_flash_ex.o
 .data          0x0000000000000000        0x0 Drivers/STM32F1xx_HAL_Driver/Src/stm32f1xx_hal_flash_ex.o
 .bss           0x0000000000000000        0x0 Drivers/STM32F1xx_HAL_Driver/Src/stm32f1xx_hal_flash_ex.o
 .text.FLASH_MassErase.isra.0
                0x0000000000000000       0x24 Drivers/STM32F1xx_HAL_Driver/Src/stm32f1xx_hal_flash_ex.o
 .text.FLASH_OB_RDP_LevelConfig
                0x0000000000000000       0x64 Drivers/STM32F1xx_HAL_Driver/Src/stm32f1xx_hal_flash_ex.o
 .text.HAL_FLASHEx_OBErase
                0x0000000000000000       0x54 Drivers/STM32F1xx_HAL_Driver/Src/stm32f1xx_hal_flash_ex.o
 .text.HAL_FLASHEx_OBProgram
                0x0000000000000000      0x1fc Drivers/STM32F1xx_HAL_Driver/Src/stm32f1xx_hal_flash_ex.o
 .text.HAL_FLASHEx_OBGetConfig
                0x0000000000000000       0x28 Drivers/STM32F1xx_HAL_Driver/Src/stm32f1xx_hal_flash_ex.o
 .text.HAL_FLASHEx_OBGetUserData
                0x0000000000000000       0x1c Drivers/STM32F1xx_HAL_Driver/Src/stm32f1xx_hal_flash_ex.o
 .text.FLASH_PageErase
                0x0000000000000000       0x24 Drivers/STM32F1xx_HAL_Driver/Src/stm32f1xx_hal_flash_ex.o
 .text.HAL_FLASHEx_Erase
                0x0000000000000000       0x9c Drivers/STM32F1xx_HAL_Driver/Src/stm32f1xx_hal_flash_ex.o
 .text.HAL_FLASHEx_Erase_IT
                0x0000000000000000       0x50 Drivers/STM32F1xx_HAL_Driver/Src/stm32f1xx_hal_flash_ex.o
 .debug_info    0x0000000000000000     0x13ac Drivers/STM32F1xx_HAL_Driver/Src/stm32f1xx_hal_flash_ex.o
 .debug_abbrev  0x0000000000000000      0x35a Drivers/STM32F1xx_HAL_Driver/Src/stm32f1xx_hal_flash_ex.o
 .debug_loc     0x0000000000000000      0x6d0 Drivers/STM32F1xx_HAL_Driver/Src/stm32f1xx_hal_flash_ex.o
 .debug_aranges
                0x0000000000000000       0x60 Drivers/STM32F1xx_HAL_Driver/Src/stm32f1xx_hal_flash_ex.o
 .debug_ranges  0x0000000000000000       0xe0 Drivers/STM32F1xx_HAL_Driver/Src/stm32f1xx_hal_flash_ex.o
 .debug_line    0x0000000000000000      0x530 Drivers/STM32F1xx_HAL_Driver/Src/stm32f1xx_hal_flash_ex.o
 .debug_str     0x0000000000000000      0xb2c Drivers/STM32F1xx_HAL_Driver/Src/stm32f1xx_hal_flash_ex.o
 .comment       0x0000000000000000       0x7d Drivers/STM32F1xx_HAL_Driver/Src/stm32f1xx_hal_flash_ex.o
 .debug_frame   0x0000000000000000       0xf0 Drivers/STM32F1xx_HAL_Driver/Src/stm32f1xx_hal_flash_ex.o
 .ARM.attributes
                0x0000000000000000       0x33 Drivers/STM32F1xx_HAL_Driver/Src/stm32f1xx_hal_flash_ex.o
 .text          0x0000000000000000        0x0 Drivers/STM32F1xx_HAL_Driver/Src/stm32f1xx_hal_gpio.o
 .data          0x0000000000000000        0x0 Drivers/STM32F1xx_HAL_Driver/Src/stm32f1xx_hal_gpio.o
 .bss           0x0000000000000000        0x0 Drivers/STM32F1xx_HAL_Driver/Src/stm32f1xx_hal_gpio.o
 .text.HAL_GPIO_DeInit
                0x0000000000000000       0xe0 Drivers/STM32F1xx_HAL_Driver/Src/stm32f1xx_hal_gpio.o
 .text.HAL_GPIO_ReadPin
                0x0000000000000000        0xc Drivers/STM32F1xx_HAL_Driver/Src/stm32f1xx_hal_gpio.o
 .text.HAL_GPIO_TogglePin
                0x0000000000000000        0x8 Drivers/STM32F1xx_HAL_Driver/Src/stm32f1xx_hal_gpio.o
 .text.HAL_GPIO_LockPin
                0x0000000000000000       0x2a Drivers/STM32F1xx_HAL_Driver/Src/stm32f1xx_hal_gpio.o
 .text          0x0000000000000000        0x0 Drivers/STM32F1xx_HAL_Driver/Src/stm32f1xx_hal_gpio_ex.o
 .data          0x0000000000000000        0x0 Drivers/STM32F1xx_HAL_Driver/Src/stm32f1xx_hal_gpio_ex.o
 .bss           0x0000000000000000        0x0 Drivers/STM32F1xx_HAL_Driver/Src/stm32f1xx_hal_gpio_ex.o
 .text.HAL_GPIOEx_ConfigEventout
                0x0000000000000000       0x14 Drivers/STM32F1xx_HAL_Driver/Src/stm32f1xx_hal_gpio_ex.o
 .text.HAL_GPIOEx_EnableEventout
                0x0000000000000000       0x10 Drivers/STM32F1xx_HAL_Driver/Src/stm32f1xx_hal_gpio_ex.o
 .text.HAL_GPIOEx_DisableEventout
                0x0000000000000000       0x10 Drivers/STM32F1xx_HAL_Driver/Src/stm32f1xx_hal_gpio_ex.o
 .debug_info    0x0000000000000000      0xa36 Drivers/STM32F1xx_HAL_Driver/Src/stm32f1xx_hal_gpio_ex.o
 .debug_abbrev  0x0000000000000000      0x1d3 Drivers/STM32F1xx_HAL_Driver/Src/stm32f1xx_hal_gpio_ex.o
 .debug_loc     0x0000000000000000       0x21 Drivers/STM32F1xx_HAL_Driver/Src/stm32f1xx_hal_gpio_ex.o
 .debug_aranges
                0x0000000000000000       0x30 Drivers/STM32F1xx_HAL_Driver/Src/stm32f1xx_hal_gpio_ex.o
 .debug_ranges  0x0000000000000000       0x20 Drivers/STM32F1xx_HAL_Driver/Src/stm32f1xx_hal_gpio_ex.o
 .debug_line    0x0000000000000000      0x29c Drivers/STM32F1xx_HAL_Driver/Src/stm32f1xx_hal_gpio_ex.o
 .debug_str     0x0000000000000000      0x750 Drivers/STM32F1xx_HAL_Driver/Src/stm32f1xx_hal_gpio_ex.o
 .comment       0x0000000000000000       0x7d Drivers/STM32F1xx_HAL_Driver/Src/stm32f1xx_hal_gpio_ex.o
 .debug_frame   0x0000000000000000       0x40 Drivers/STM32F1xx_HAL_Driver/Src/stm32f1xx_hal_gpio_ex.o
 .ARM.attributes
                0x0000000000000000       0x33 Drivers/STM32F1xx_HAL_Driver/Src/stm32f1xx_hal_gpio_ex.o
 .text          0x0000000000000000        0x0 Drivers/STM32F1xx_HAL_Driver/Src/stm32f1xx_hal_pwr.o
 .data          0x0000000000000000        0x0 Drivers/STM32F1xx_HAL_Driver/Src/stm32f1xx_hal_pwr.o
 .bss           0x0000000000000000        0x0 Drivers/STM32F1xx_HAL_Driver/Src/stm32f1xx_hal_pwr.o
 .text.PWR_OverloadWfe
                0x0000000000000000        0x6 Drivers/STM32F1xx_HAL_Driver/Src/stm32f1xx_hal_pwr.o
 .text.HAL_PWR_DeInit
                0x0000000000000000       0x18 Drivers/STM32F1xx_HAL_Driver/Src/stm32f1xx_hal_pwr.o
 .text.HAL_PWR_EnableBkUpAccess
                0x0000000000000000        0xc Drivers/STM32F1xx_HAL_Driver/Src/stm32f1xx_hal_pwr.o
 .text.HAL_PWR_DisableBkUpAccess
                0x0000000000000000        0xc Drivers/STM32F1xx_HAL_Driver/Src/stm32f1xx_hal_pwr.o
 .text.HAL_PWR_ConfigPVD
                0x0000000000000000       0x6c Drivers/STM32F1xx_HAL_Driver/Src/stm32f1xx_hal_pwr.o
 .text.HAL_PWR_EnablePVD
                0x0000000000000000        0xc Drivers/STM32F1xx_HAL_Driver/Src/stm32f1xx_hal_pwr.o
 .text.HAL_PWR_DisablePVD
                0x0000000000000000        0xc Drivers/STM32F1xx_HAL_Driver/Src/stm32f1xx_hal_pwr.o
 .text.HAL_PWR_EnableWakeUpPin
                0x0000000000000000       0x18 Drivers/STM32F1xx_HAL_Driver/Src/stm32f1xx_hal_pwr.o
 .text.HAL_PWR_DisableWakeUpPin
                0x0000000000000000       0x18 Drivers/STM32F1xx_HAL_Driver/Src/stm32f1xx_hal_pwr.o
 .text.HAL_PWR_EnterSLEEPMode
                0x0000000000000000       0x20 Drivers/STM32F1xx_HAL_Driver/Src/stm32f1xx_hal_pwr.o
 .text.HAL_PWR_EnterSTOPMode
                0x0000000000000000       0x48 Drivers/STM32F1xx_HAL_Driver/Src/stm32f1xx_hal_pwr.o
 .text.HAL_PWR_EnterSTANDBYMode
                0x0000000000000000       0x20 Drivers/STM32F1xx_HAL_Driver/Src/stm32f1xx_hal_pwr.o
 .text.HAL_PWR_EnableSleepOnExit
                0x0000000000000000       0x10 Drivers/STM32F1xx_HAL_Driver/Src/stm32f1xx_hal_pwr.o
 .text.HAL_PWR_DisableSleepOnExit
                0x0000000000000000       0x10 Drivers/STM32F1xx_HAL_Driver/Src/stm32f1xx_hal_pwr.o
 .text.HAL_PWR_EnableSEVOnPend
                0x0000000000000000       0x10 Drivers/STM32F1xx_HAL_Driver/Src/stm32f1xx_hal_pwr.o
 .text.HAL_PWR_DisableSEVOnPend
                0x0000000000000000       0x10 Drivers/STM32F1xx_HAL_Driver/Src/stm32f1xx_hal_pwr.o
 .text.HAL_PWR_PVDCallback
                0x0000000000000000        0x2 Drivers/STM32F1xx_HAL_Driver/Src/stm32f1xx_hal_pwr.o
 .text.HAL_PWR_PVD_IRQHandler
                0x0000000000000000       0x1c Drivers/STM32F1xx_HAL_Driver/Src/stm32f1xx_hal_pwr.o
 .debug_info    0x0000000000000000      0xf9a Drivers/STM32F1xx_HAL_Driver/Src/stm32f1xx_hal_pwr.o
 .debug_abbrev  0x0000000000000000      0x28a Drivers/STM32F1xx_HAL_Driver/Src/stm32f1xx_hal_pwr.o
 .debug_loc     0x0000000000000000       0xaa Drivers/STM32F1xx_HAL_Driver/Src/stm32f1xx_hal_pwr.o
 .debug_aranges
                0x0000000000000000       0xa8 Drivers/STM32F1xx_HAL_Driver/Src/stm32f1xx_hal_pwr.o
 .debug_ranges  0x0000000000000000       0x98 Drivers/STM32F1xx_HAL_Driver/Src/stm32f1xx_hal_pwr.o
 .debug_line    0x0000000000000000      0x431 Drivers/STM32F1xx_HAL_Driver/Src/stm32f1xx_hal_pwr.o
 .debug_str     0x0000000000000000      0x994 Drivers/STM32F1xx_HAL_Driver/Src/stm32f1xx_hal_pwr.o
 .comment       0x0000000000000000       0x7d Drivers/STM32F1xx_HAL_Driver/Src/stm32f1xx_hal_pwr.o
 .debug_frame   0x0000000000000000      0x140 Drivers/STM32F1xx_HAL_Driver/Src/stm32f1xx_hal_pwr.o
 .ARM.attributes
                0x0000000000000000       0x33 Drivers/STM32F1xx_HAL_Driver/Src/stm32f1xx_hal_pwr.o
 .text          0x0000000000000000        0x0 Drivers/STM32F1xx_HAL_Driver/Src/stm32f1xx_hal_rcc.o
 .data          0x0000000000000000        0x0 Drivers/STM32F1xx_HAL_Driver/Src/stm32f1xx_hal_rcc.o
 .bss           0x0000000000000000        0x0 Drivers/STM32F1xx_HAL_Driver/Src/stm32f1xx_hal_rcc.o
 .text.HAL_RCC_DeInit
                0x0000000000000000       0xd0 Drivers/STM32F1xx_HAL_Driver/Src/stm32f1xx_hal_rcc.o
 .text.HAL_RCC_MCOConfig
                0x0000000000000000       0x50 Drivers/STM32F1xx_HAL_Driver/Src/stm32f1xx_hal_rcc.o
 .text.HAL_RCC_EnableCSS
                0x0000000000000000        0xc Drivers/STM32F1xx_HAL_Driver/Src/stm32f1xx_hal_rcc.o
 .text.HAL_RCC_DisableCSS
                0x0000000000000000        0xc Drivers/STM32F1xx_HAL_Driver/Src/stm32f1xx_hal_rcc.o
 .text.HAL_RCC_GetHCLKFreq
                0x0000000000000000        0xc Drivers/STM32F1xx_HAL_Driver/Src/stm32f1xx_hal_rcc.o
 .text.HAL_RCC_GetOscConfig
                0x0000000000000000       0x80 Drivers/STM32F1xx_HAL_Driver/Src/stm32f1xx_hal_rcc.o
 .text.HAL_RCC_GetClockConfig
                0x0000000000000000       0x3c Drivers/STM32F1xx_HAL_Driver/Src/stm32f1xx_hal_rcc.o
 .text.HAL_RCC_CSSCallback
                0x0000000000000000        0x2 Drivers/STM32F1xx_HAL_Driver/Src/stm32f1xx_hal_rcc.o
 .text.HAL_RCC_NMI_IRQHandler
                0x0000000000000000       0x20 Drivers/STM32F1xx_HAL_Driver/Src/stm32f1xx_hal_rcc.o
 .text          0x0000000000000000        0x0 Drivers/STM32F1xx_HAL_Driver/Src/stm32f1xx_hal_rcc_ex.o
 .data          0x0000000000000000        0x0 Drivers/STM32F1xx_HAL_Driver/Src/stm32f1xx_hal_rcc_ex.o
 .bss           0x0000000000000000        0x0 Drivers/STM32F1xx_HAL_Driver/Src/stm32f1xx_hal_rcc_ex.o
 .text.HAL_RCCEx_GetPeriphCLKConfig
                0x0000000000000000       0x24 Drivers/STM32F1xx_HAL_Driver/Src/stm32f1xx_hal_rcc_ex.o
 .text.HAL_RCCEx_GetPeriphCLKFreq
                0x0000000000000000       0xec Drivers/STM32F1xx_HAL_Driver/Src/stm32f1xx_hal_rcc_ex.o
 .rodata        0x0000000000000000       0x10 Drivers/STM32F1xx_HAL_Driver/Src/stm32f1xx_hal_rcc_ex.o
 .text          0x0000000000000000        0x0 Drivers/STM32F1xx_HAL_Driver/Src/stm32f1xx_hal_tim.o
 .data          0x0000000000000000        0x0 Drivers/STM32F1xx_HAL_Driver/Src/stm32f1xx_hal_tim.o
 .bss           0x0000000000000000        0x0 Drivers/STM32F1xx_HAL_Driver/Src/stm32f1xx_hal_tim.o
 .debug_info    0x0000000000000000      0x96d Drivers/STM32F1xx_HAL_Driver/Src/stm32f1xx_hal_tim.o
 .debug_abbrev  0x0000000000000000      0x174 Drivers/STM32F1xx_HAL_Driver/Src/stm32f1xx_hal_tim.o
 .debug_aranges
                0x0000000000000000       0x18 Drivers/STM32F1xx_HAL_Driver/Src/stm32f1xx_hal_tim.o
 .debug_line    0x0000000000000000      0x219 Drivers/STM32F1xx_HAL_Driver/Src/stm32f1xx_hal_tim.o
 .debug_str     0x0000000000000000      0x6b0 Drivers/STM32F1xx_HAL_Driver/Src/stm32f1xx_hal_tim.o
 .comment       0x0000000000000000       0x7d Drivers/STM32F1xx_HAL_Driver/Src/stm32f1xx_hal_tim.o
 .ARM.attributes
                0x0000000000000000       0x33 Drivers/STM32F1xx_HAL_Driver/Src/stm32f1xx_hal_tim.o
 .text          0x0000000000000000        0x0 Drivers/STM32F1xx_HAL_Driver/Src/stm32f1xx_hal_tim_ex.o
 .data          0x0000000000000000        0x0 Drivers/STM32F1xx_HAL_Driver/Src/stm32f1xx_hal_tim_ex.o
 .bss           0x0000000000000000        0x0 Drivers/STM32F1xx_HAL_Driver/Src/stm32f1xx_hal_tim_ex.o
 .debug_info    0x0000000000000000      0x96d Drivers/STM32F1xx_HAL_Driver/Src/stm32f1xx_hal_tim_ex.o
 .debug_abbrev  0x0000000000000000      0x174 Drivers/STM32F1xx_HAL_Driver/Src/stm32f1xx_hal_tim_ex.o
 .debug_aranges
                0x0000000000000000       0x18 Drivers/STM32F1xx_HAL_Driver/Src/stm32f1xx_hal_tim_ex.o
 .debug_line    0x0000000000000000      0x219 Drivers/STM32F1xx_HAL_Driver/Src/stm32f1xx_hal_tim_ex.o
 .debug_str     0x0000000000000000      0x6b3 Drivers/STM32F1xx_HAL_Driver/Src/stm32f1xx_hal_tim_ex.o
 .comment       0x0000000000000000       0x7d Drivers/STM32F1xx_HAL_Driver/Src/stm32f1xx_hal_tim_ex.o
 .ARM.attributes
                0x0000000000000000       0x33 Drivers/STM32F1xx_HAL_Driver/Src/stm32f1xx_hal_tim_ex.o
 .text          0x0000000000000000        0x0 Drivers/STM32F1xx_HAL_Driver/Src/stm32f1xx_hal_uart.o
 .data          0x0000000000000000        0x0 Drivers/STM32F1xx_HAL_Driver/Src/stm32f1xx_hal_uart.o
 .bss           0x0000000000000000        0x0 Drivers/STM32F1xx_HAL_Driver/Src/stm32f1xx_hal_uart.o
 .text.UART_WaitOnFlagUntilTimeout.constprop.3
                0x0000000000000000       0x50 Drivers/STM32F1xx_HAL_Driver/Src/stm32f1xx_hal_uart.o
 .text.HAL_UART_MspInit
                0x0000000000000000        0x2 Drivers/STM32F1xx_HAL_Driver/Src/stm32f1xx_hal_uart.o
 .text.HAL_HalfDuplex_Init
                0x0000000000000000       0x64 Drivers/STM32F1xx_HAL_Driver/Src/stm32f1xx_hal_uart.o
 .text.HAL_LIN_Init
                0x0000000000000000       0x72 Drivers/STM32F1xx_HAL_Driver/Src/stm32f1xx_hal_uart.o
 .text.HAL_MultiProcessor_Init
                0x0000000000000000       0x76 Drivers/STM32F1xx_HAL_Driver/Src/stm32f1xx_hal_uart.o
 .text.HAL_UART_MspDeInit
                0x0000000000000000        0x2 Drivers/STM32F1xx_HAL_Driver/Src/stm32f1xx_hal_uart.o
 .text.HAL_UART_DeInit
                0x0000000000000000       0x26 Drivers/STM32F1xx_HAL_Driver/Src/stm32f1xx_hal_uart.o
 .text.HAL_UART_Transmit
                0x0000000000000000       0xb8 Drivers/STM32F1xx_HAL_Driver/Src/stm32f1xx_hal_uart.o
 .text.HAL_UART_Receive
                0x0000000000000000       0xbe Drivers/STM32F1xx_HAL_Driver/Src/stm32f1xx_hal_uart.o
 .text.HAL_UART_Transmit_IT
                0x0000000000000000       0x3e Drivers/STM32F1xx_HAL_Driver/Src/stm32f1xx_hal_uart.o
 .text.HAL_UART_Receive_IT
                0x0000000000000000       0x4e Drivers/STM32F1xx_HAL_Driver/Src/stm32f1xx_hal_uart.o
 .text.HAL_UART_Transmit_DMA
                0x0000000000000000       0x74 Drivers/STM32F1xx_HAL_Driver/Src/stm32f1xx_hal_uart.o
 .text.HAL_UART_Receive_DMA
                0x0000000000000000       0x90 Drivers/STM32F1xx_HAL_Driver/Src/stm32f1xx_hal_uart.o
 .text.HAL_UART_DMAPause
                0x0000000000000000       0x5a Drivers/STM32F1xx_HAL_Driver/Src/stm32f1xx_hal_uart.o
 .text.HAL_UART_DMAResume
                0x0000000000000000       0x62 Drivers/STM32F1xx_HAL_Driver/Src/stm32f1xx_hal_uart.o
 .text.HAL_UART_DMAStop
                0x0000000000000000       0x5e Drivers/STM32F1xx_HAL_Driver/Src/stm32f1xx_hal_uart.o
 .text.HAL_UART_Abort
                0x0000000000000000       0x60 Drivers/STM32F1xx_HAL_Driver/Src/stm32f1xx_hal_uart.o
 .text.HAL_UART_AbortTransmit
                0x0000000000000000       0x34 Drivers/STM32F1xx_HAL_Driver/Src/stm32f1xx_hal_uart.o
 .text.HAL_UART_AbortReceive
                0x0000000000000000       0x3c Drivers/STM32F1xx_HAL_Driver/Src/stm32f1xx_hal_uart.o
 .text.UART_DMATransmitCplt
                0x0000000000000000       0x2c Drivers/STM32F1xx_HAL_Driver/Src/stm32f1xx_hal_uart.o
 .text.HAL_UART_TxHalfCpltCallback
                0x0000000000000000        0x2 Drivers/STM32F1xx_HAL_Driver/Src/stm32f1xx_hal_uart.o
 .text.UART_DMATxHalfCplt
                0x0000000000000000        0xa Drivers/STM32F1xx_HAL_Driver/Src/stm32f1xx_hal_uart.o
 .text.UART_DMAReceiveCplt
                0x0000000000000000       0x38 Drivers/STM32F1xx_HAL_Driver/Src/stm32f1xx_hal_uart.o
 .text.HAL_UART_RxHalfCpltCallback
                0x0000000000000000        0x2 Drivers/STM32F1xx_HAL_Driver/Src/stm32f1xx_hal_uart.o
 .text.UART_DMARxHalfCplt
                0x0000000000000000        0xa Drivers/STM32F1xx_HAL_Driver/Src/stm32f1xx_hal_uart.o
 .text.UART_DMAError
                0x0000000000000000       0x4e Drivers/STM32F1xx_HAL_Driver/Src/stm32f1xx_hal_uart.o
 .text.HAL_UART_AbortCpltCallback
                0x0000000000000000        0x2 Drivers/STM32F1xx_HAL_Driver/Src/stm32f1xx_hal_uart.o
 .text.HAL_UART_Abort_IT
                0x0000000000000000       0xa8 Drivers/STM32F1xx_HAL_Driver/Src/stm32f1xx_hal_uart.o
 .text.UART_DMARxAbortCallback
                0x0000000000000000       0x28 Drivers/STM32F1xx_HAL_Driver/Src/stm32f1xx_hal_uart.o
 .text.UART_DMATxAbortCallback
                0x0000000000000000       0x28 Drivers/STM32F1xx_HAL_Driver/Src/stm32f1xx_hal_uart.o
 .text.HAL_UART_AbortTransmitCpltCallback
                0x0000000000000000        0x2 Drivers/STM32F1xx_HAL_Driver/Src/stm32f1xx_hal_uart.o
 .text.HAL_UART_AbortTransmit_IT
                0x0000000000000000       0x50 Drivers/STM32F1xx_HAL_Driver/Src/stm32f1xx_hal_uart.o
 .text.UART_DMATxOnlyAbortCallback
                0x0000000000000000       0x14 Drivers/STM32F1xx_HAL_Driver/Src/stm32f1xx_hal_uart.o
 .text.HAL_UART_AbortReceiveCpltCallback
                0x0000000000000000        0x2 Drivers/STM32F1xx_HAL_Driver/Src/stm32f1xx_hal_uart.o
 .text.HAL_UART_AbortReceive_IT
                0x0000000000000000       0x58 Drivers/STM32F1xx_HAL_Driver/Src/stm32f1xx_hal_uart.o
 .text.UART_DMARxOnlyAbortCallback
                0x0000000000000000       0x14 Drivers/STM32F1xx_HAL_Driver/Src/stm32f1xx_hal_uart.o
 .text.HAL_LIN_SendBreak
                0x0000000000000000       0x2c Drivers/STM32F1xx_HAL_Driver/Src/stm32f1xx_hal_uart.o
 .text.HAL_MultiProcessor_EnterMuteMode
                0x0000000000000000       0x2c Drivers/STM32F1xx_HAL_Driver/Src/stm32f1xx_hal_uart.o
 .text.HAL_MultiProcessor_ExitMuteMode
                0x0000000000000000       0x2c Drivers/STM32F1xx_HAL_Driver/Src/stm32f1xx_hal_uart.o
 .text.HAL_HalfDuplex_EnableTransmitter
                0x0000000000000000       0x30 Drivers/STM32F1xx_HAL_Driver/Src/stm32f1xx_hal_uart.o
 .text.HAL_HalfDuplex_EnableReceiver
                0x0000000000000000       0x30 Drivers/STM32F1xx_HAL_Driver/Src/stm32f1xx_hal_uart.o
 .text.HAL_UART_GetState
                0x0000000000000000        0xc Drivers/STM32F1xx_HAL_Driver/Src/stm32f1xx_hal_uart.o
 .text.HAL_UART_GetError
                0x0000000000000000        0x4 Drivers/STM32F1xx_HAL_Driver/Src/stm32f1xx_hal_uart.o
 .text          0x0000000000000000        0x0 Src/main.o
 .data          0x0000000000000000        0x0 Src/main.o
 .bss           0x0000000000000000        0x0 Src/main.o
 .text.Error_Handler
                0x0000000000000000        0x2 Src/main.o
 .text          0x0000000000000000        0x0 Src/stm32f1xx_hal_msp.o
 .data          0x0000000000000000        0x0 Src/stm32f1xx_hal_msp.o
 .bss           0x0000000000000000        0x0 Src/stm32f1xx_hal_msp.o
 .text.HAL_ADC_MspDeInit
                0x0000000000000000       0x34 Src/stm32f1xx_hal_msp.o
 .text.HAL_UART_MspDeInit
                0x0000000000000000       0x38 Src/stm32f1xx_hal_msp.o
 .text          0x0000000000000000        0x0 Src/stm32f1xx_it.o
 .data          0x0000000000000000        0x0 Src/stm32f1xx_it.o
 .bss           0x0000000000000000        0x0 Src/stm32f1xx_it.o
 .text          0x0000000000000000        0x0 Src/syscalls.o
 .data          0x0000000000000000        0x0 Src/syscalls.o
 .bss           0x0000000000000000        0x0 Src/syscalls.o
 .text.initialise_monitor_handles
                0x0000000000000000        0x2 Src/syscalls.o
 .text._getpid  0x0000000000000000        0x4 Src/syscalls.o
 .text._kill    0x0000000000000000       0x10 Src/syscalls.o
 .text._exit    0x0000000000000000        0xc Src/syscalls.o
 .text._read    0x0000000000000000       0x1c Src/syscalls.o
 .text._write   0x0000000000000000       0x1c Src/syscalls.o
 .text._sbrk    0x0000000000000000       0x34 Src/syscalls.o
 .text._close   0x0000000000000000        0x6 Src/syscalls.o
 .text._fstat   0x0000000000000000        0xa Src/syscalls.o
 .text._isatty  0x0000000000000000        0x4 Src/syscalls.o
 .text._lseek   0x0000000000000000        0x4 Src/syscalls.o
 .text._open    0x0000000000000000        0xa Src/syscalls.o
 .text._wait    0x0000000000000000       0x10 Src/syscalls.o
 .text._unlink  0x0000000000000000       0x10 Src/syscalls.o
 .text._times   0x0000000000000000        0x6 Src/syscalls.o
 .text._stat    0x0000000000000000        0xa Src/syscalls.o
 .text._link    0x0000000000000000       0x10 Src/syscalls.o
 .text._fork    0x0000000000000000       0x10 Src/syscalls.o
 .text._execve  0x0000000000000000       0x10 Src/syscalls.o
 .bss.__env     0x0000000000000000        0x4 Src/syscalls.o
 .bss.heap_end.5887
                0x0000000000000000        0x4 Src/syscalls.o
 .data.environ  0x0000000000000000        0x4 Src/syscalls.o
 .debug_info    0x0000000000000000      0xfe1 Src/syscalls.o
 .debug_abbrev  0x0000000000000000      0x2d9 Src/syscalls.o
 .debug_loc     0x0000000000000000      0x3ef Src/syscalls.o
 .debug_aranges
                0x0000000000000000       0xb0 Src/syscalls.o
 .debug_ranges  0x0000000000000000       0xa0 Src/syscalls.o
 .debug_line    0x0000000000000000      0x394 Src/syscalls.o
 .debug_str     0x0000000000000000      0x853 Src/syscalls.o
 .comment       0x0000000000000000       0x7d Src/syscalls.o
 .debug_frame   0x0000000000000000      0x1a8 Src/syscalls.o
 .ARM.attributes
                0x0000000000000000       0x33 Src/syscalls.o
 .text          0x0000000000000000        0x0 Src/system_stm32f1xx.o
 .data          0x0000000000000000        0x0 Src/system_stm32f1xx.o
 .bss           0x0000000000000000        0x0 Src/system_stm32f1xx.o
 .text.SystemCoreClockUpdate
                0x0000000000000000       0x5c Src/system_stm32f1xx.o
 .text          0x0000000000000000       0x14 startup/startup_stm32f103xb.o
 .data          0x0000000000000000        0x0 startup/startup_stm32f103xb.o
 .bss           0x0000000000000000        0x0 startup/startup_stm32f103xb.o
 .text          0x0000000000000000        0x0 /opt/Atollic_TrueSTUDIO_for_STM32_x86_64_9.3.0/ARMTools/bin/../lib/gcc/arm-atollic-eabi/6.3.1/../../../../arm-atollic-eabi/lib/armv7-m/libc_nano.a(lib_a-errno.o)
 .data          0x0000000000000000        0x0 /opt/Atollic_TrueSTUDIO_for_STM32_x86_64_9.3.0/ARMTools/bin/../lib/gcc/arm-atollic-eabi/6.3.1/../../../../arm-atollic-eabi/lib/armv7-m/libc_nano.a(lib_a-errno.o)
 .bss           0x0000000000000000        0x0 /opt/Atollic_TrueSTUDIO_for_STM32_x86_64_9.3.0/ARMTools/bin/../lib/gcc/arm-atollic-eabi/6.3.1/../../../../arm-atollic-eabi/lib/armv7-m/libc_nano.a(lib_a-errno.o)
 .text.__errno  0x0000000000000000        0xc /opt/Atollic_TrueSTUDIO_for_STM32_x86_64_9.3.0/ARMTools/bin/../lib/gcc/arm-atollic-eabi/6.3.1/../../../../arm-atollic-eabi/lib/armv7-m/libc_nano.a(lib_a-errno.o)
 .debug_frame   0x0000000000000000       0x20 /opt/Atollic_TrueSTUDIO_for_STM32_x86_64_9.3.0/ARMTools/bin/../lib/gcc/arm-atollic-eabi/6.3.1/../../../../arm-atollic-eabi/lib/armv7-m/libc_nano.a(lib_a-errno.o)
 .ARM.attributes
                0x0000000000000000       0x2d /opt/Atollic_TrueSTUDIO_for_STM32_x86_64_9.3.0/ARMTools/bin/../lib/gcc/arm-atollic-eabi/6.3.1/../../../../arm-atollic-eabi/lib/armv7-m/libc_nano.a(lib_a-errno.o)
 .text          0x0000000000000000        0x0 /opt/Atollic_TrueSTUDIO_for_STM32_x86_64_9.3.0/ARMTools/bin/../lib/gcc/arm-atollic-eabi/6.3.1/../../../../arm-atollic-eabi/lib/armv7-m/libc_nano.a(lib_a-impure.o)
 .data          0x0000000000000000        0x0 /opt/Atollic_TrueSTUDIO_for_STM32_x86_64_9.3.0/ARMTools/bin/../lib/gcc/arm-atollic-eabi/6.3.1/../../../../arm-atollic-eabi/lib/armv7-m/libc_nano.a(lib_a-impure.o)
 .bss           0x0000000000000000        0x0 /opt/Atollic_TrueSTUDIO_for_STM32_x86_64_9.3.0/ARMTools/bin/../lib/gcc/arm-atollic-eabi/6.3.1/../../../../arm-atollic-eabi/lib/armv7-m/libc_nano.a(lib_a-impure.o)
 .data._impure_ptr
                0x0000000000000000        0x4 /opt/Atollic_TrueSTUDIO_for_STM32_x86_64_9.3.0/ARMTools/bin/../lib/gcc/arm-atollic-eabi/6.3.1/../../../../arm-atollic-eabi/lib/armv7-m/libc_nano.a(lib_a-impure.o)
 .data.impure_data
                0x0000000000000000       0x60 /opt/Atollic_TrueSTUDIO_for_STM32_x86_64_9.3.0/ARMTools/bin/../lib/gcc/arm-atollic-eabi/6.3.1/../../../../arm-atollic-eabi/lib/armv7-m/libc_nano.a(lib_a-impure.o)
 .rodata._global_impure_ptr
                0x0000000000000000        0x4 /opt/Atollic_TrueSTUDIO_for_STM32_x86_64_9.3.0/ARMTools/bin/../lib/gcc/arm-atollic-eabi/6.3.1/../../../../arm-atollic-eabi/lib/armv7-m/libc_nano.a(lib_a-impure.o)
 .ARM.attributes
                0x0000000000000000       0x2d /opt/Atollic_TrueSTUDIO_for_STM32_x86_64_9.3.0/ARMTools/bin/../lib/gcc/arm-atollic-eabi/6.3.1/../../../../arm-atollic-eabi/lib/armv7-m/libc_nano.a(lib_a-impure.o)
 .text          0x0000000000000000        0x0 /opt/Atollic_TrueSTUDIO_for_STM32_x86_64_9.3.0/ARMTools/bin/../lib/gcc/arm-atollic-eabi/6.3.1/../../../../arm-atollic-eabi/lib/armv7-m/libc_nano.a(lib_a-init.o)
 .data          0x0000000000000000        0x0 /opt/Atollic_TrueSTUDIO_for_STM32_x86_64_9.3.0/ARMTools/bin/../lib/gcc/arm-atollic-eabi/6.3.1/../../../../arm-atollic-eabi/lib/armv7-m/libc_nano.a(lib_a-init.o)
 .bss           0x0000000000000000        0x0 /opt/Atollic_TrueSTUDIO_for_STM32_x86_64_9.3.0/ARMTools/bin/../lib/gcc/arm-atollic-eabi/6.3.1/../../../../arm-atollic-eabi/lib/armv7-m/libc_nano.a(lib_a-init.o)
 .text          0x0000000000000000        0x0 /opt/Atollic_TrueSTUDIO_for_STM32_x86_64_9.3.0/ARMTools/bin/../lib/gcc/arm-atollic-eabi/6.3.1/../../../../arm-atollic-eabi/lib/armv7-m/libc_nano.a(lib_a-memset.o)
 .data          0x0000000000000000        0x0 /opt/Atollic_TrueSTUDIO_for_STM32_x86_64_9.3.0/ARMTools/bin/../lib/gcc/arm-atollic-eabi/6.3.1/../../../../arm-atollic-eabi/lib/armv7-m/libc_nano.a(lib_a-memset.o)
 .bss           0x0000000000000000        0x0 /opt/Atollic_TrueSTUDIO_for_STM32_x86_64_9.3.0/ARMTools/bin/../lib/gcc/arm-atollic-eabi/6.3.1/../../../../arm-atollic-eabi/lib/armv7-m/libc_nano.a(lib_a-memset.o)
 .text          0x0000000000000000       0x18 /opt/Atollic_TrueSTUDIO_for_STM32_x86_64_9.3.0/ARMTools/bin/../lib/gcc/arm-atollic-eabi/6.3.1/armv7-m/libgcc.a(_lshrdi3.o)
 .data          0x0000000000000000        0x0 /opt/Atollic_TrueSTUDIO_for_STM32_x86_64_9.3.0/ARMTools/bin/../lib/gcc/arm-atollic-eabi/6.3.1/armv7-m/libgcc.a(_lshrdi3.o)
 .bss           0x0000000000000000        0x0 /opt/Atollic_TrueSTUDIO_for_STM32_x86_64_9.3.0/ARMTools/bin/../lib/gcc/arm-atollic-eabi/6.3.1/armv7-m/libgcc.a(_lshrdi3.o)
 .ARM.attributes
                0x0000000000000000       0x1d /opt/Atollic_TrueSTUDIO_for_STM32_x86_64_9.3.0/ARMTools/bin/../lib/gcc/arm-atollic-eabi/6.3.1/armv7-m/libgcc.a(_lshrdi3.o)
 .text          0x0000000000000000        0x0 /opt/Atollic_TrueSTUDIO_for_STM32_x86_64_9.3.0/ARMTools/bin/../lib/gcc/arm-atollic-eabi/6.3.1/armv7-m/crtend.o
 .data          0x0000000000000000        0x0 /opt/Atollic_TrueSTUDIO_for_STM32_x86_64_9.3.0/ARMTools/bin/../lib/gcc/arm-atollic-eabi/6.3.1/armv7-m/crtend.o
 .bss           0x0000000000000000        0x0 /opt/Atollic_TrueSTUDIO_for_STM32_x86_64_9.3.0/ARMTools/bin/../lib/gcc/arm-atollic-eabi/6.3.1/armv7-m/crtend.o
 .eh_frame      0x0000000000000000        0x4 /opt/Atollic_TrueSTUDIO_for_STM32_x86_64_9.3.0/ARMTools/bin/../lib/gcc/arm-atollic-eabi/6.3.1/armv7-m/crtend.o
 .ARM.attributes
                0x0000000000000000       0x2d /opt/Atollic_TrueSTUDIO_for_STM32_x86_64_9.3.0/ARMTools/bin/../lib/gcc/arm-atollic-eabi/6.3.1/armv7-m/crtend.o
 .text          0x0000000000000000        0x0 /opt/Atollic_TrueSTUDIO_for_STM32_x86_64_9.3.0/ARMTools/bin/../lib/gcc/arm-atollic-eabi/6.3.1/armv7-m/crtn.o
 .data          0x0000000000000000        0x0 /opt/Atollic_TrueSTUDIO_for_STM32_x86_64_9.3.0/ARMTools/bin/../lib/gcc/arm-atollic-eabi/6.3.1/armv7-m/crtn.o
 .bss           0x0000000000000000        0x0 /opt/Atollic_TrueSTUDIO_for_STM32_x86_64_9.3.0/ARMTools/bin/../lib/gcc/arm-atollic-eabi/6.3.1/armv7-m/crtn.o

Memory Configuration

Name             Origin             Length             Attributes
RAM              0x0000000020000000 0x0000000000005000 xrw
FLASH            0x0000000008000000 0x0000000000010000 xr
*default*        0x0000000000000000 0xffffffffffffffff

Linker script and memory map

LOAD /opt/Atollic_TrueSTUDIO_for_STM32_x86_64_9.3.0/ARMTools/bin/../lib/gcc/arm-atollic-eabi/6.3.1/armv7-m/crti.o
LOAD /opt/Atollic_TrueSTUDIO_for_STM32_x86_64_9.3.0/ARMTools/bin/../lib/gcc/arm-atollic-eabi/6.3.1/armv7-m/crtbegin.o
LOAD Drivers/STM32F1xx_HAL_Driver/Src/stm32f1xx_hal.o
LOAD Drivers/STM32F1xx_HAL_Driver/Src/stm32f1xx_hal_adc.o
LOAD Drivers/STM32F1xx_HAL_Driver/Src/stm32f1xx_hal_adc_ex.o
LOAD Drivers/STM32F1xx_HAL_Driver/Src/stm32f1xx_hal_cortex.o
LOAD Drivers/STM32F1xx_HAL_Driver/Src/stm32f1xx_hal_dma.o
LOAD Drivers/STM32F1xx_HAL_Driver/Src/stm32f1xx_hal_flash.o
LOAD Drivers/STM32F1xx_HAL_Driver/Src/stm32f1xx_hal_flash_ex.o
LOAD Drivers/STM32F1xx_HAL_Driver/Src/stm32f1xx_hal_gpio.o
LOAD Drivers/STM32F1xx_HAL_Driver/Src/stm32f1xx_hal_gpio_ex.o
LOAD Drivers/STM32F1xx_HAL_Driver/Src/stm32f1xx_hal_pwr.o
LOAD Drivers/STM32F1xx_HAL_Driver/Src/stm32f1xx_hal_rcc.o
LOAD Drivers/STM32F1xx_HAL_Driver/Src/stm32f1xx_hal_rcc_ex.o
LOAD Drivers/STM32F1xx_HAL_Driver/Src/stm32f1xx_hal_tim.o
LOAD Drivers/STM32F1xx_HAL_Driver/Src/stm32f1xx_hal_tim_ex.o
LOAD Drivers/STM32F1xx_HAL_Driver/Src/stm32f1xx_hal_uart.o
LOAD Src/main.o
LOAD Src/stm32f1xx_hal_msp.o
LOAD Src/stm32f1xx_it.o
LOAD Src/syscalls.o
LOAD Src/system_stm32f1xx.o
LOAD startup/startup_stm32f103xb.o
                0x0000000000000080                malloc_getpagesize_P = 0x80
START GROUP
LOAD /opt/Atollic_TrueSTUDIO_for_STM32_x86_64_9.3.0/ARMTools/bin/../lib/gcc/arm-atollic-eabi/6.3.1/../../../../arm-atollic-eabi/lib/armv7-m/libc_nano.a
LOAD /opt/Atollic_TrueSTUDIO_for_STM32_x86_64_9.3.0/ARMTools/bin/../lib/gcc/arm-atollic-eabi/6.3.1/../../../../arm-atollic-eabi/lib/armv7-m/libm.a
END GROUP
START GROUP
LOAD /opt/Atollic_TrueSTUDIO_for_STM32_x86_64_9.3.0/ARMTools/bin/../lib/gcc/arm-atollic-eabi/6.3.1/armv7-m/libgcc.a
LOAD /opt/Atollic_TrueSTUDIO_for_STM32_x86_64_9.3.0/ARMTools/bin/../lib/gcc/arm-atollic-eabi/6.3.1/../../../../arm-atollic-eabi/lib/armv7-m/libc_nano.a
END GROUP
START GROUP
LOAD /opt/Atollic_TrueSTUDIO_for_STM32_x86_64_9.3.0/ARMTools/bin/../lib/gcc/arm-atollic-eabi/6.3.1/armv7-m/libgcc.a
LOAD /opt/Atollic_TrueSTUDIO_for_STM32_x86_64_9.3.0/ARMTools/bin/../lib/gcc/arm-atollic-eabi/6.3.1/../../../../arm-atollic-eabi/lib/armv7-m/libc_nano.a
LOAD /opt/Atollic_TrueSTUDIO_for_STM32_x86_64_9.3.0/ARMTools/bin/../lib/gcc/arm-atollic-eabi/6.3.1/../../../../arm-atollic-eabi/lib/armv7-m/libnosys.a
END GROUP
START GROUP
LOAD /opt/Atollic_TrueSTUDIO_for_STM32_x86_64_9.3.0/ARMTools/bin/../lib/gcc/arm-atollic-eabi/6.3.1/armv7-m/libgcc.a
LOAD /opt/Atollic_TrueSTUDIO_for_STM32_x86_64_9.3.0/ARMTools/bin/../lib/gcc/arm-atollic-eabi/6.3.1/../../../../arm-atollic-eabi/lib/armv7-m/libc_nano.a
LOAD /opt/Atollic_TrueSTUDIO_for_STM32_x86_64_9.3.0/ARMTools/bin/../lib/gcc/arm-atollic-eabi/6.3.1/../../../../arm-atollic-eabi/lib/armv7-m/libnosys.a
END GROUP
LOAD /opt/Atollic_TrueSTUDIO_for_STM32_x86_64_9.3.0/ARMTools/bin/../lib/gcc/arm-atollic-eabi/6.3.1/armv7-m/crtend.o
LOAD /opt/Atollic_TrueSTUDIO_for_STM32_x86_64_9.3.0/ARMTools/bin/../lib/gcc/arm-atollic-eabi/6.3.1/armv7-m/crtn.o
                0x0000000020005000                _estack = 0x20005000
                0x0000000000000200                _Min_Heap_Size = 0x200
                0x0000000000000400                _Min_Stack_Size = 0x400

.isr_vector     0x0000000008000000      0x10c
                0x0000000008000000                . = ALIGN (0x4)
 *(.isr_vector)
 .isr_vector    0x0000000008000000      0x10c startup/startup_stm32f103xb.o
                0x0000000008000000                g_pfnVectors
                0x000000000800010c                . = ALIGN (0x4)

.text           0x000000000800010c     0x1528
                0x000000000800010c                . = ALIGN (0x4)
 *(.text)
 .text          0x000000000800010c       0x40 /opt/Atollic_TrueSTUDIO_for_STM32_x86_64_9.3.0/ARMTools/bin/../lib/gcc/arm-atollic-eabi/6.3.1/armv7-m/crtbegin.o
 *(.text*)
 .text.HAL_InitTick
                0x000000000800014c       0x48 Drivers/STM32F1xx_HAL_Driver/Src/stm32f1xx_hal.o
                0x000000000800014c                HAL_InitTick
 .text.HAL_Init
                0x0000000008000194       0x24 Drivers/STM32F1xx_HAL_Driver/Src/stm32f1xx_hal.o
                0x0000000008000194                HAL_Init
 .text.HAL_IncTick
                0x00000000080001b8       0x18 Drivers/STM32F1xx_HAL_Driver/Src/stm32f1xx_hal.o
                0x00000000080001b8                HAL_IncTick
 .text.HAL_GetTick
                0x00000000080001d0        0xc Drivers/STM32F1xx_HAL_Driver/Src/stm32f1xx_hal.o
                0x00000000080001d0                HAL_GetTick
 .text.HAL_ADC_ConvCpltCallback
                0x00000000080001dc        0x2 Drivers/STM32F1xx_HAL_Driver/Src/stm32f1xx_hal_adc.o
                0x00000000080001dc                HAL_ADC_ConvCpltCallback
 .text.HAL_ADC_LevelOutOfWindowCallback
                0x00000000080001de        0x2 Drivers/STM32F1xx_HAL_Driver/Src/stm32f1xx_hal_adc.o
                0x00000000080001de                HAL_ADC_LevelOutOfWindowCallback
 .text.HAL_ADC_IRQHandler
                0x00000000080001e0       0xec Drivers/STM32F1xx_HAL_Driver/Src/stm32f1xx_hal_adc.o
                0x00000000080001e0                HAL_ADC_IRQHandler
 .text.HAL_ADC_ConfigChannel
                0x00000000080002cc      0x108 Drivers/STM32F1xx_HAL_Driver/Src/stm32f1xx_hal_adc.o
                0x00000000080002cc                HAL_ADC_ConfigChannel
 .text.ADC_ConversionStop_Disable
                0x00000000080003d4       0x44 Drivers/STM32F1xx_HAL_Driver/Src/stm32f1xx_hal_adc.o
                0x00000000080003d4                ADC_ConversionStop_Disable
 .text.HAL_ADC_Init
                0x0000000008000418      0x100 Drivers/STM32F1xx_HAL_Driver/Src/stm32f1xx_hal_adc.o
                0x0000000008000418                HAL_ADC_Init
 .text.HAL_ADCEx_InjectedConvCpltCallback
                0x0000000008000518        0x2 Drivers/STM32F1xx_HAL_Driver/Src/stm32f1xx_hal_adc_ex.o
                0x0000000008000518                HAL_ADCEx_InjectedConvCpltCallback
 *fill*         0x000000000800051a        0x2 
 .text.HAL_NVIC_SetPriorityGrouping
                0x000000000800051c       0x24 Drivers/STM32F1xx_HAL_Driver/Src/stm32f1xx_hal_cortex.o
                0x000000000800051c                HAL_NVIC_SetPriorityGrouping
 .text.HAL_NVIC_SetPriority
                0x0000000008000540       0x68 Drivers/STM32F1xx_HAL_Driver/Src/stm32f1xx_hal_cortex.o
                0x0000000008000540                HAL_NVIC_SetPriority
 .text.HAL_NVIC_EnableIRQ
                0x00000000080005a8       0x18 Drivers/STM32F1xx_HAL_Driver/Src/stm32f1xx_hal_cortex.o
                0x00000000080005a8                HAL_NVIC_EnableIRQ
 .text.HAL_SYSTICK_Config
                0x00000000080005c0       0x2c Drivers/STM32F1xx_HAL_Driver/Src/stm32f1xx_hal_cortex.o
                0x00000000080005c0                HAL_SYSTICK_Config
 .text.HAL_DMA_Abort_IT
                0x00000000080005ec       0x90 Drivers/STM32F1xx_HAL_Driver/Src/stm32f1xx_hal_dma.o
                0x00000000080005ec                HAL_DMA_Abort_IT
 .text.HAL_GPIO_Init
                0x000000000800067c      0x1c0 Drivers/STM32F1xx_HAL_Driver/Src/stm32f1xx_hal_gpio.o
                0x000000000800067c                HAL_GPIO_Init
 .text.HAL_GPIO_WritePin
                0x000000000800083c        0xa Drivers/STM32F1xx_HAL_Driver/Src/stm32f1xx_hal_gpio.o
                0x000000000800083c                HAL_GPIO_WritePin
 .text.HAL_GPIO_EXTI_Callback
                0x0000000008000846        0x2 Drivers/STM32F1xx_HAL_Driver/Src/stm32f1xx_hal_gpio.o
                0x0000000008000846                HAL_GPIO_EXTI_Callback
 .text.HAL_GPIO_EXTI_IRQHandler
                0x0000000008000848       0x18 Drivers/STM32F1xx_HAL_Driver/Src/stm32f1xx_hal_gpio.o
                0x0000000008000848                HAL_GPIO_EXTI_IRQHandler
 .text.HAL_RCC_OscConfig
                0x0000000008000860      0x318 Drivers/STM32F1xx_HAL_Driver/Src/stm32f1xx_hal_rcc.o
                0x0000000008000860                HAL_RCC_OscConfig
 .text.HAL_RCC_GetSysClockFreq
                0x0000000008000b78       0x78 Drivers/STM32F1xx_HAL_Driver/Src/stm32f1xx_hal_rcc.o
                0x0000000008000b78                HAL_RCC_GetSysClockFreq
 .text.HAL_RCC_ClockConfig
                0x0000000008000bf0      0x164 Drivers/STM32F1xx_HAL_Driver/Src/stm32f1xx_hal_rcc.o
                0x0000000008000bf0                HAL_RCC_ClockConfig
 .text.HAL_RCC_GetPCLK1Freq
                0x0000000008000d54       0x20 Drivers/STM32F1xx_HAL_Driver/Src/stm32f1xx_hal_rcc.o
                0x0000000008000d54                HAL_RCC_GetPCLK1Freq
 .text.HAL_RCC_GetPCLK2Freq
                0x0000000008000d74       0x20 Drivers/STM32F1xx_HAL_Driver/Src/stm32f1xx_hal_rcc.o
                0x0000000008000d74                HAL_RCC_GetPCLK2Freq
 .text.HAL_RCCEx_PeriphCLKConfig
                0x0000000008000d94       0xf0 Drivers/STM32F1xx_HAL_Driver/Src/stm32f1xx_hal_rcc_ex.o
                0x0000000008000d94                HAL_RCCEx_PeriphCLKConfig
 .text.UART_EndRxTransfer
                0x0000000008000e84       0x1a Drivers/STM32F1xx_HAL_Driver/Src/stm32f1xx_hal_uart.o
 *fill*         0x0000000008000e9e        0x2 
 .text.UART_SetConfig
                0x0000000008000ea0      0x13c Drivers/STM32F1xx_HAL_Driver/Src/stm32f1xx_hal_uart.o
 .text.HAL_UART_Init
                0x0000000008000fdc       0x5c Drivers/STM32F1xx_HAL_Driver/Src/stm32f1xx_hal_uart.o
                0x0000000008000fdc                HAL_UART_Init
 .text.HAL_UART_TxCpltCallback
                0x0000000008001038        0x2 Drivers/STM32F1xx_HAL_Driver/Src/stm32f1xx_hal_uart.o
                0x0000000008001038                HAL_UART_TxCpltCallback
 .text.HAL_UART_RxCpltCallback
                0x000000000800103a        0x2 Drivers/STM32F1xx_HAL_Driver/Src/stm32f1xx_hal_uart.o
                0x000000000800103a                HAL_UART_RxCpltCallback
 .text.UART_Receive_IT
                0x000000000800103c       0x7c Drivers/STM32F1xx_HAL_Driver/Src/stm32f1xx_hal_uart.o
 .text.HAL_UART_ErrorCallback
                0x00000000080010b8        0x2 Drivers/STM32F1xx_HAL_Driver/Src/stm32f1xx_hal_uart.o
                0x00000000080010b8                HAL_UART_ErrorCallback
 *fill*         0x00000000080010ba        0x2 
 .text.HAL_UART_IRQHandler
                0x00000000080010bc      0x140 Drivers/STM32F1xx_HAL_Driver/Src/stm32f1xx_hal_uart.o
                0x00000000080010bc                HAL_UART_IRQHandler
 .text.UART_DMAAbortOnError
                0x00000000080011fc       0x10 Drivers/STM32F1xx_HAL_Driver/Src/stm32f1xx_hal_uart.o
 .text.SystemClock_Config
                0x000000000800120c       0x70 Src/main.o
                0x000000000800120c                SystemClock_Config
 .text.startup.main
                0x000000000800127c      0x138 Src/main.o
                0x000000000800127c                main
 .text.HAL_MspInit
                0x00000000080013b4       0x44 Src/stm32f1xx_hal_msp.o
                0x00000000080013b4                HAL_MspInit
 .text.HAL_ADC_MspInit
                0x00000000080013f8       0x6c Src/stm32f1xx_hal_msp.o
                0x00000000080013f8                HAL_ADC_MspInit
 .text.HAL_UART_MspInit
                0x0000000008001464       0x88 Src/stm32f1xx_hal_msp.o
                0x0000000008001464                HAL_UART_MspInit
 .text.NMI_Handler
                0x00000000080014ec        0x2 Src/stm32f1xx_it.o
                0x00000000080014ec                NMI_Handler
 .text.HardFault_Handler
                0x00000000080014ee        0x2 Src/stm32f1xx_it.o
                0x00000000080014ee                HardFault_Handler
 .text.MemManage_Handler
                0x00000000080014f0        0x2 Src/stm32f1xx_it.o
                0x00000000080014f0                MemManage_Handler
 .text.BusFault_Handler
                0x00000000080014f2        0x2 Src/stm32f1xx_it.o
                0x00000000080014f2                BusFault_Handler
 .text.UsageFault_Handler
                0x00000000080014f4        0x2 Src/stm32f1xx_it.o
                0x00000000080014f4                UsageFault_Handler
 .text.SVC_Handler
                0x00000000080014f6        0x2 Src/stm32f1xx_it.o
                0x00000000080014f6                SVC_Handler
 .text.DebugMon_Handler
                0x00000000080014f8        0x2 Src/stm32f1xx_it.o
                0x00000000080014f8                DebugMon_Handler
 .text.PendSV_Handler
                0x00000000080014fa        0x2 Src/stm32f1xx_it.o
                0x00000000080014fa                PendSV_Handler
 .text.SysTick_Handler
                0x00000000080014fc        0x4 Src/stm32f1xx_it.o
                0x00000000080014fc                SysTick_Handler
 .text.EXTI1_IRQHandler
                0x0000000008001500        0x6 Src/stm32f1xx_it.o
                0x0000000008001500                EXTI1_IRQHandler
 .text.EXTI2_IRQHandler
                0x0000000008001506        0x6 Src/stm32f1xx_it.o
                0x0000000008001506                EXTI2_IRQHandler
 .text.EXTI3_IRQHandler
                0x000000000800150c        0x6 Src/stm32f1xx_it.o
                0x000000000800150c                EXTI3_IRQHandler
 *fill*         0x0000000008001512        0x2 
 .text.ADC1_2_IRQHandler
                0x0000000008001514        0xc Src/stm32f1xx_it.o
                0x0000000008001514                ADC1_2_IRQHandler
 .text.USART1_IRQHandler
                0x0000000008001520        0xc Src/stm32f1xx_it.o
                0x0000000008001520                USART1_IRQHandler
 .text.SystemInit
                0x000000000800152c       0x4c Src/system_stm32f1xx.o
                0x000000000800152c                SystemInit
 .text.Reset_Handler
                0x0000000008001578       0x48 startup/startup_stm32f103xb.o
                0x0000000008001578                Reset_Handler
 .text.Default_Handler
                0x00000000080015c0        0x2 startup/startup_stm32f103xb.o
                0x00000000080015c0                RTC_Alarm_IRQHandler
                0x00000000080015c0                TIM1_CC_IRQHandler
                0x00000000080015c0                PVD_IRQHandler
                0x00000000080015c0                EXTI0_IRQHandler
                0x00000000080015c0                I2C2_EV_IRQHandler
                0x00000000080015c0                SPI1_IRQHandler
                0x00000000080015c0                TAMPER_IRQHandler
                0x00000000080015c0                DMA1_Channel4_IRQHandler
                0x00000000080015c0                USART3_IRQHandler
                0x00000000080015c0                RTC_IRQHandler
                0x00000000080015c0                DMA1_Channel7_IRQHandler
                0x00000000080015c0                CAN1_RX1_IRQHandler
                0x00000000080015c0                TIM4_IRQHandler
                0x00000000080015c0                I2C1_EV_IRQHandler
                0x00000000080015c0                DMA1_Channel6_IRQHandler
                0x00000000080015c0                TIM3_IRQHandler
                0x00000000080015c0                RCC_IRQHandler
                0x00000000080015c0                TIM1_TRG_COM_IRQHandler
                0x00000000080015c0                DMA1_Channel1_IRQHandler
                0x00000000080015c0                Default_Handler
                0x00000000080015c0                EXTI15_10_IRQHandler
                0x00000000080015c0                EXTI9_5_IRQHandler
                0x00000000080015c0                SPI2_IRQHandler
                0x00000000080015c0                DMA1_Channel5_IRQHandler
                0x00000000080015c0                EXTI4_IRQHandler
                0x00000000080015c0                USB_LP_CAN1_RX0_IRQHandler
                0x00000000080015c0                USB_HP_CAN1_TX_IRQHandler
                0x00000000080015c0                DMA1_Channel3_IRQHandler
                0x00000000080015c0                TIM1_UP_IRQHandler
                0x00000000080015c0                WWDG_IRQHandler
                0x00000000080015c0                TIM2_IRQHandler
                0x00000000080015c0                TIM1_BRK_IRQHandler
                0x00000000080015c0                USART2_IRQHandler
                0x00000000080015c0                I2C2_ER_IRQHandler
                0x00000000080015c0                DMA1_Channel2_IRQHandler
                0x00000000080015c0                CAN1_SCE_IRQHandler
                0x00000000080015c0                FLASH_IRQHandler
                0x00000000080015c0                I2C1_ER_IRQHandler
                0x00000000080015c0                USBWakeUp_IRQHandler
 *fill*         0x00000000080015c2        0x2 
 .text.__libc_init_array
                0x00000000080015c4       0x48 /opt/Atollic_TrueSTUDIO_for_STM32_x86_64_9.3.0/ARMTools/bin/../lib/gcc/arm-atollic-eabi/6.3.1/../../../../arm-atollic-eabi/lib/armv7-m/libc_nano.a(lib_a-init.o)
                0x00000000080015c4                __libc_init_array
 .text.memset   0x000000000800160c       0x10 /opt/Atollic_TrueSTUDIO_for_STM32_x86_64_9.3.0/ARMTools/bin/../lib/gcc/arm-atollic-eabi/6.3.1/../../../../arm-atollic-eabi/lib/armv7-m/libc_nano.a(lib_a-memset.o)
                0x000000000800160c                memset
 *(.glue_7)
 .glue_7        0x000000000800161c        0x0 linker stubs
 *(.glue_7t)
 .glue_7t       0x000000000800161c        0x0 linker stubs
 *(.eh_frame)
 .eh_frame      0x000000000800161c        0x0 /opt/Atollic_TrueSTUDIO_for_STM32_x86_64_9.3.0/ARMTools/bin/../lib/gcc/arm-atollic-eabi/6.3.1/armv7-m/crtbegin.o
 *(.init)
 .init          0x000000000800161c        0x4 /opt/Atollic_TrueSTUDIO_for_STM32_x86_64_9.3.0/ARMTools/bin/../lib/gcc/arm-atollic-eabi/6.3.1/armv7-m/crti.o
                0x000000000800161c                _init
 .init          0x0000000008001620        0x8 /opt/Atollic_TrueSTUDIO_for_STM32_x86_64_9.3.0/ARMTools/bin/../lib/gcc/arm-atollic-eabi/6.3.1/armv7-m/crtn.o
 *(.fini)
 .fini          0x0000000008001628        0x4 /opt/Atollic_TrueSTUDIO_for_STM32_x86_64_9.3.0/ARMTools/bin/../lib/gcc/arm-atollic-eabi/6.3.1/armv7-m/crti.o
                0x0000000008001628                _fini
 .fini          0x000000000800162c        0x8 /opt/Atollic_TrueSTUDIO_for_STM32_x86_64_9.3.0/ARMTools/bin/../lib/gcc/arm-atollic-eabi/6.3.1/armv7-m/crtn.o
                0x0000000008001634                . = ALIGN (0x4)
                0x0000000008001634                _etext = .

.vfp11_veneer   0x0000000008001634        0x0
 .vfp11_veneer  0x0000000008001634        0x0 linker stubs

.v4_bx          0x0000000008001634        0x0
 .v4_bx         0x0000000008001634        0x0 linker stubs

.iplt           0x0000000008001634        0x0
 .iplt          0x0000000008001634        0x0 /opt/Atollic_TrueSTUDIO_for_STM32_x86_64_9.3.0/ARMTools/bin/../lib/gcc/arm-atollic-eabi/6.3.1/armv7-m/crtbegin.o

.rodata         0x0000000008001634       0x28
                0x0000000008001634                . = ALIGN (0x4)
 *(.rodata)
 .rodata        0x0000000008001634       0x10 Drivers/STM32F1xx_HAL_Driver/Src/stm32f1xx_hal_rcc.o
 *(.rodata*)
 .rodata.AHBPrescTable
                0x0000000008001644       0x10 Src/system_stm32f1xx.o
                0x0000000008001644                AHBPrescTable
 .rodata.APBPrescTable
                0x0000000008001654        0x8 Src/system_stm32f1xx.o
                0x0000000008001654                APBPrescTable
                0x000000000800165c                . = ALIGN (0x4)

.rel.dyn        0x000000000800165c        0x0
 .rel.iplt      0x000000000800165c        0x0 /opt/Atollic_TrueSTUDIO_for_STM32_x86_64_9.3.0/ARMTools/bin/../lib/gcc/arm-atollic-eabi/6.3.1/armv7-m/crtbegin.o

.ARM.extab
 *(.ARM.extab* .gnu.linkonce.armextab.*)

.ARM            0x000000000800165c        0x0
                0x000000000800165c                __exidx_start = .
 *(.ARM.exidx*)
                0x000000000800165c                __exidx_end = .

.preinit_array  0x000000000800165c        0x0
                0x000000000800165c                PROVIDE (__preinit_array_start, .)
 *(.preinit_array*)
                0x000000000800165c                PROVIDE (__preinit_array_end, .)

.init_array     0x000000000800165c        0x4
                0x000000000800165c                PROVIDE (__init_array_start, .)
 *(SORT(.init_array.*))
 *(.init_array*)
 .init_array    0x000000000800165c        0x4 /opt/Atollic_TrueSTUDIO_for_STM32_x86_64_9.3.0/ARMTools/bin/../lib/gcc/arm-atollic-eabi/6.3.1/armv7-m/crtbegin.o
                0x0000000008001660                PROVIDE (__init_array_end, .)

.fini_array     0x0000000008001660        0x4
                [!provide]                        PROVIDE (__fini_array_start, .)
 *(SORT(.fini_array.*))
 *(.fini_array*)
 .fini_array    0x0000000008001660        0x4 /opt/Atollic_TrueSTUDIO_for_STM32_x86_64_9.3.0/ARMTools/bin/../lib/gcc/arm-atollic-eabi/6.3.1/armv7-m/crtbegin.o
                [!provide]                        PROVIDE (__fini_array_end, .)
                0x0000000008001664                _sidata = LOADADDR (.data)

.data           0x0000000020000000        0xc load address 0x0000000008001664
                0x0000000020000000                . = ALIGN (0x4)
                0x0000000020000000                _sdata = .
 *(.data)
 *(.data*)
 .data.uwTickFreq
                0x0000000020000000        0x1 Drivers/STM32F1xx_HAL_Driver/Src/stm32f1xx_hal.o
                0x0000000020000000                uwTickFreq
 *fill*         0x0000000020000001        0x3 
 .data.uwTickPrio
                0x0000000020000004        0x4 Drivers/STM32F1xx_HAL_Driver/Src/stm32f1xx_hal.o
                0x0000000020000004                uwTickPrio
 .data.SystemCoreClock
                0x0000000020000008        0x4 Src/system_stm32f1xx.o
                0x0000000020000008                SystemCoreClock
                0x000000002000000c                . = ALIGN (0x4)
                0x000000002000000c                _edata = .

.igot.plt       0x000000002000000c        0x0 load address 0x0000000008001670
 .igot.plt      0x000000002000000c        0x0 /opt/Atollic_TrueSTUDIO_for_STM32_x86_64_9.3.0/ARMTools/bin/../lib/gcc/arm-atollic-eabi/6.3.1/armv7-m/crtbegin.o
                0x000000002000000c                . = ALIGN (0x4)

.bss            0x000000002000000c       0x90 load address 0x0000000008001670
                0x000000002000000c                _sbss = .
                0x000000002000000c                __bss_start__ = _sbss
 *(.bss)
 .bss           0x000000002000000c       0x1c /opt/Atollic_TrueSTUDIO_for_STM32_x86_64_9.3.0/ARMTools/bin/../lib/gcc/arm-atollic-eabi/6.3.1/armv7-m/crtbegin.o
 *(.bss*)
 *(COMMON)
 COMMON         0x0000000020000028        0x4 Drivers/STM32F1xx_HAL_Driver/Src/stm32f1xx_hal.o
                0x0000000020000028                uwTick
 COMMON         0x000000002000002c       0x70 Src/main.o
                0x000000002000002c                hadc1
                0x000000002000005c                huart1
                0x000000002000009c                . = ALIGN (0x4)
                0x000000002000009c                _ebss = .
                0x000000002000009c                __bss_end__ = _ebss

._user_heap_stack
                0x000000002000009c      0x600 load address 0x0000000008001670
                0x000000002000009c                . = ALIGN (0x4)
                0x000000002000009c                PROVIDE (end, .)
                [!provide]                        PROVIDE (_end, .)
                0x000000002000029c                . = (. + _Min_Heap_Size)
 *fill*         0x000000002000009c      0x200 
                0x000000002000069c                . = (. + _Min_Stack_Size)
 *fill*         0x000000002000029c      0x400 
                0x000000002000069c                . = ALIGN (0x4)

/DISCARD/
 libc.a(*)
 libm.a(*)
 libgcc.a(*)

.ARM.attributes
                0x0000000000000000       0x29
 *(.ARM.attributes)
 .ARM.attributes
                0x0000000000000000       0x1d /opt/Atollic_TrueSTUDIO_for_STM32_x86_64_9.3.0/ARMTools/bin/../lib/gcc/arm-atollic-eabi/6.3.1/armv7-m/crti.o
 .ARM.attributes
                0x000000000000001d       0x2d /opt/Atollic_TrueSTUDIO_for_STM32_x86_64_9.3.0/ARMTools/bin/../lib/gcc/arm-atollic-eabi/6.3.1/armv7-m/crtbegin.o
 .ARM.attributes
                0x000000000000004a       0x33 Drivers/STM32F1xx_HAL_Driver/Src/stm32f1xx_hal.o
 .ARM.attributes
                0x000000000000007d       0x33 Drivers/STM32F1xx_HAL_Driver/Src/stm32f1xx_hal_adc.o
 .ARM.attributes
                0x00000000000000b0       0x33 Drivers/STM32F1xx_HAL_Driver/Src/stm32f1xx_hal_adc_ex.o
 .ARM.attributes
                0x00000000000000e3       0x33 Drivers/STM32F1xx_HAL_Driver/Src/stm32f1xx_hal_cortex.o
 .ARM.attributes
                0x0000000000000116       0x33 Drivers/STM32F1xx_HAL_Driver/Src/stm32f1xx_hal_dma.o
 .ARM.attributes
                0x0000000000000149       0x33 Drivers/STM32F1xx_HAL_Driver/Src/stm32f1xx_hal_gpio.o
 .ARM.attributes
                0x000000000000017c       0x33 Drivers/STM32F1xx_HAL_Driver/Src/stm32f1xx_hal_rcc.o
 .ARM.attributes
                0x00000000000001af       0x33 Drivers/STM32F1xx_HAL_Driver/Src/stm32f1xx_hal_rcc_ex.o
 .ARM.attributes
                0x00000000000001e2       0x33 Drivers/STM32F1xx_HAL_Driver/Src/stm32f1xx_hal_uart.o
 .ARM.attributes
                0x0000000000000215       0x33 Src/main.o
 .ARM.attributes
                0x0000000000000248       0x33 Src/stm32f1xx_hal_msp.o
 .ARM.attributes
                0x000000000000027b       0x33 Src/stm32f1xx_it.o
 .ARM.attributes
                0x00000000000002ae       0x33 Src/system_stm32f1xx.o
 .ARM.attributes
                0x00000000000002e1       0x21 startup/startup_stm32f103xb.o
 .ARM.attributes
                0x0000000000000302       0x2d /opt/Atollic_TrueSTUDIO_for_STM32_x86_64_9.3.0/ARMTools/bin/../lib/gcc/arm-atollic-eabi/6.3.1/../../../../arm-atollic-eabi/lib/armv7-m/libc_nano.a(lib_a-init.o)
 .ARM.attributes
                0x000000000000032f       0x2d /opt/Atollic_TrueSTUDIO_for_STM32_x86_64_9.3.0/ARMTools/bin/../lib/gcc/arm-atollic-eabi/6.3.1/../../../../arm-atollic-eabi/lib/armv7-m/libc_nano.a(lib_a-memset.o)
 .ARM.attributes
                0x000000000000035c       0x1d /opt/Atollic_TrueSTUDIO_for_STM32_x86_64_9.3.0/ARMTools/bin/../lib/gcc/arm-atollic-eabi/6.3.1/armv7-m/crtn.o
OUTPUT(final_project.elf elf32-littlearm)

.debug_info     0x0000000000000000     0xf5be
 .debug_info    0x0000000000000000      0xfc8 Drivers/STM32F1xx_HAL_Driver/Src/stm32f1xx_hal.o
 .debug_info    0x0000000000000fc8     0x16a1 Drivers/STM32F1xx_HAL_Driver/Src/stm32f1xx_hal_adc.o
 .debug_info    0x0000000000002669     0x138b Drivers/STM32F1xx_HAL_Driver/Src/stm32f1xx_hal_adc_ex.o
 .debug_info    0x00000000000039f4     0x14a9 Drivers/STM32F1xx_HAL_Driver/Src/stm32f1xx_hal_cortex.o
 .debug_info    0x0000000000004e9d     0x1047 Drivers/STM32F1xx_HAL_Driver/Src/stm32f1xx_hal_dma.o
 .debug_info    0x0000000000005ee4      0xec2 Drivers/STM32F1xx_HAL_Driver/Src/stm32f1xx_hal_gpio.o
 .debug_info    0x0000000000006da6     0x123d Drivers/STM32F1xx_HAL_Driver/Src/stm32f1xx_hal_rcc.o
 .debug_info    0x0000000000007fe3      0xc9d Drivers/STM32F1xx_HAL_Driver/Src/stm32f1xx_hal_rcc_ex.o
 .debug_info    0x0000000000008c80     0x1e46 Drivers/STM32F1xx_HAL_Driver/Src/stm32f1xx_hal_uart.o
 .debug_info    0x000000000000aac6     0x180b Src/main.o
 .debug_info    0x000000000000c2d1     0x1555 Src/stm32f1xx_hal_msp.o
 .debug_info    0x000000000000d826     0x10d7 Src/stm32f1xx_it.o
 .debug_info    0x000000000000e8fd      0xc4d Src/system_stm32f1xx.o
 .debug_info    0x000000000000f54a       0x74 startup/startup_stm32f103xb.o

.debug_abbrev   0x0000000000000000     0x2406
 .debug_abbrev  0x0000000000000000      0x315 Drivers/STM32F1xx_HAL_Driver/Src/stm32f1xx_hal.o
 .debug_abbrev  0x0000000000000315      0x2fb Drivers/STM32F1xx_HAL_Driver/Src/stm32f1xx_hal_adc.o
 .debug_abbrev  0x0000000000000610      0x296 Drivers/STM32F1xx_HAL_Driver/Src/stm32f1xx_hal_adc_ex.o
 .debug_abbrev  0x00000000000008a6      0x399 Drivers/STM32F1xx_HAL_Driver/Src/stm32f1xx_hal_cortex.o
 .debug_abbrev  0x0000000000000c3f      0x29e Drivers/STM32F1xx_HAL_Driver/Src/stm32f1xx_hal_dma.o
 .debug_abbrev  0x0000000000000edd      0x268 Drivers/STM32F1xx_HAL_Driver/Src/stm32f1xx_hal_gpio.o
 .debug_abbrev  0x0000000000001145      0x367 Drivers/STM32F1xx_HAL_Driver/Src/stm32f1xx_hal_rcc.o
 .debug_abbrev  0x00000000000014ac      0x277 Drivers/STM32F1xx_HAL_Driver/Src/stm32f1xx_hal_rcc_ex.o
 .debug_abbrev  0x0000000000001723      0x364 Drivers/STM32F1xx_HAL_Driver/Src/stm32f1xx_hal_uart.o
 .debug_abbrev  0x0000000000001a87      0x2f5 Src/main.o
 .debug_abbrev  0x0000000000001d7c      0x242 Src/stm32f1xx_hal_msp.o
 .debug_abbrev  0x0000000000001fbe      0x24b Src/stm32f1xx_it.o
 .debug_abbrev  0x0000000000002209      0x1eb Src/system_stm32f1xx.o
 .debug_abbrev  0x00000000000023f4       0x12 startup/startup_stm32f103xb.o

.debug_loc      0x0000000000000000     0x3a8b
 .debug_loc     0x0000000000000000      0x11b Drivers/STM32F1xx_HAL_Driver/Src/stm32f1xx_hal.o
 .debug_loc     0x000000000000011b      0x873 Drivers/STM32F1xx_HAL_Driver/Src/stm32f1xx_hal_adc.o
 .debug_loc     0x000000000000098e      0x769 Drivers/STM32F1xx_HAL_Driver/Src/stm32f1xx_hal_adc_ex.o
 .debug_loc     0x00000000000010f7      0x46b Drivers/STM32F1xx_HAL_Driver/Src/stm32f1xx_hal_cortex.o
 .debug_loc     0x0000000000001562      0x5d1 Drivers/STM32F1xx_HAL_Driver/Src/stm32f1xx_hal_dma.o
 .debug_loc     0x0000000000001b33      0x36a Drivers/STM32F1xx_HAL_Driver/Src/stm32f1xx_hal_gpio.o
 .debug_loc     0x0000000000001e9d      0x4c3 Drivers/STM32F1xx_HAL_Driver/Src/stm32f1xx_hal_rcc.o
 .debug_loc     0x0000000000002360      0x29d Drivers/STM32F1xx_HAL_Driver/Src/stm32f1xx_hal_rcc_ex.o
 .debug_loc     0x00000000000025fd     0x1311 Drivers/STM32F1xx_HAL_Driver/Src/stm32f1xx_hal_uart.o
 .debug_loc     0x000000000000390e       0xb0 Src/stm32f1xx_hal_msp.o
 .debug_loc     0x00000000000039be       0xcd Src/system_stm32f1xx.o

.debug_aranges  0x0000000000000000      0x6c8
 .debug_aranges
                0x0000000000000000       0xc8 Drivers/STM32F1xx_HAL_Driver/Src/stm32f1xx_hal.o
 .debug_aranges
                0x00000000000000c8       0xc8 Drivers/STM32F1xx_HAL_Driver/Src/stm32f1xx_hal_adc.o
 .debug_aranges
                0x0000000000000190       0x80 Drivers/STM32F1xx_HAL_Driver/Src/stm32f1xx_hal_adc_ex.o
 .debug_aranges
                0x0000000000000210       0x90 Drivers/STM32F1xx_HAL_Driver/Src/stm32f1xx_hal_cortex.o
 .debug_aranges
                0x00000000000002a0       0x78 Drivers/STM32F1xx_HAL_Driver/Src/stm32f1xx_hal_dma.o
 .debug_aranges
                0x0000000000000318       0x58 Drivers/STM32F1xx_HAL_Driver/Src/stm32f1xx_hal_gpio.o
 .debug_aranges
                0x0000000000000370       0x88 Drivers/STM32F1xx_HAL_Driver/Src/stm32f1xx_hal_rcc.o
 .debug_aranges
                0x00000000000003f8       0x30 Drivers/STM32F1xx_HAL_Driver/Src/stm32f1xx_hal_rcc_ex.o
 .debug_aranges
                0x0000000000000428      0x170 Drivers/STM32F1xx_HAL_Driver/Src/stm32f1xx_hal_uart.o
 .debug_aranges
                0x0000000000000598       0x30 Src/main.o
 .debug_aranges
                0x00000000000005c8       0x40 Src/stm32f1xx_hal_msp.o
 .debug_aranges
                0x0000000000000608       0x70 Src/stm32f1xx_it.o
 .debug_aranges
                0x0000000000000678       0x28 Src/system_stm32f1xx.o
 .debug_aranges
                0x00000000000006a0       0x28 startup/startup_stm32f103xb.o

.debug_ranges   0x0000000000000000      0x898
 .debug_ranges  0x0000000000000000       0xb8 Drivers/STM32F1xx_HAL_Driver/Src/stm32f1xx_hal.o
 .debug_ranges  0x00000000000000b8       0xb8 Drivers/STM32F1xx_HAL_Driver/Src/stm32f1xx_hal_adc.o
 .debug_ranges  0x0000000000000170       0x70 Drivers/STM32F1xx_HAL_Driver/Src/stm32f1xx_hal_adc_ex.o
 .debug_ranges  0x00000000000001e0      0x128 Drivers/STM32F1xx_HAL_Driver/Src/stm32f1xx_hal_cortex.o
 .debug_ranges  0x0000000000000308       0xa8 Drivers/STM32F1xx_HAL_Driver/Src/stm32f1xx_hal_dma.o
 .debug_ranges  0x00000000000003b0       0x60 Drivers/STM32F1xx_HAL_Driver/Src/stm32f1xx_hal_gpio.o
 .debug_ranges  0x0000000000000410       0xa0 Drivers/STM32F1xx_HAL_Driver/Src/stm32f1xx_hal_rcc.o
 .debug_ranges  0x00000000000004b0       0x40 Drivers/STM32F1xx_HAL_Driver/Src/stm32f1xx_hal_rcc_ex.o
 .debug_ranges  0x00000000000004f0      0x190 Drivers/STM32F1xx_HAL_Driver/Src/stm32f1xx_hal_uart.o
 .debug_ranges  0x0000000000000680       0xb0 Src/main.o
 .debug_ranges  0x0000000000000730       0xd0 Src/stm32f1xx_hal_msp.o
 .debug_ranges  0x0000000000000800       0x60 Src/stm32f1xx_it.o
 .debug_ranges  0x0000000000000860       0x18 Src/system_stm32f1xx.o
 .debug_ranges  0x0000000000000878       0x20 startup/startup_stm32f103xb.o

.debug_line     0x0000000000000000     0x464a
 .debug_line    0x0000000000000000      0x43e Drivers/STM32F1xx_HAL_Driver/Src/stm32f1xx_hal.o
 .debug_line    0x000000000000043e      0x84b Drivers/STM32F1xx_HAL_Driver/Src/stm32f1xx_hal_adc.o
 .debug_line    0x0000000000000c89      0x70a Drivers/STM32F1xx_HAL_Driver/Src/stm32f1xx_hal_adc_ex.o
 .debug_line    0x0000000000001393      0x448 Drivers/STM32F1xx_HAL_Driver/Src/stm32f1xx_hal_cortex.o
 .debug_line    0x00000000000017db      0x66e Drivers/STM32F1xx_HAL_Driver/Src/stm32f1xx_hal_dma.o
 .debug_line    0x0000000000001e49      0x43d Drivers/STM32F1xx_HAL_Driver/Src/stm32f1xx_hal_gpio.o
 .debug_line    0x0000000000002286      0x618 Drivers/STM32F1xx_HAL_Driver/Src/stm32f1xx_hal_rcc.o
 .debug_line    0x000000000000289e      0x3ab Drivers/STM32F1xx_HAL_Driver/Src/stm32f1xx_hal_rcc_ex.o
 .debug_line    0x0000000000002c49      0xc24 Drivers/STM32F1xx_HAL_Driver/Src/stm32f1xx_hal_uart.o
 .debug_line    0x000000000000386d      0x3d0 Src/main.o
 .debug_line    0x0000000000003c3d      0x384 Src/stm32f1xx_hal_msp.o
 .debug_line    0x0000000000003fc1      0x36e Src/stm32f1xx_it.o
 .debug_line    0x000000000000432f      0x29e Src/system_stm32f1xx.o
 .debug_line    0x00000000000045cd       0x7d startup/startup_stm32f103xb.o

.debug_str      0x0000000000000000     0x2850
 .debug_str     0x0000000000000000      0xbc9 Drivers/STM32F1xx_HAL_Driver/Src/stm32f1xx_hal.o
                                        0xc6a (size before relaxing)
 .debug_str     0x0000000000000bc9      0x630 Drivers/STM32F1xx_HAL_Driver/Src/stm32f1xx_hal_adc.o
                                        0xd86 (size before relaxing)
 .debug_str     0x00000000000011f9      0x291 Drivers/STM32F1xx_HAL_Driver/Src/stm32f1xx_hal_adc_ex.o
                                        0xd39 (size before relaxing)
 .debug_str     0x000000000000148a      0x2e1 Drivers/STM32F1xx_HAL_Driver/Src/stm32f1xx_hal_cortex.o
                                        0xd92 (size before relaxing)
 .debug_str     0x000000000000176b      0x220 Drivers/STM32F1xx_HAL_Driver/Src/stm32f1xx_hal_dma.o
                                        0xaf6 (size before relaxing)
 .debug_str     0x000000000000198b      0x1d1 Drivers/STM32F1xx_HAL_Driver/Src/stm32f1xx_hal_gpio.o
                                        0x8ff (size before relaxing)
 .debug_str     0x0000000000001b5c      0x317 Drivers/STM32F1xx_HAL_Driver/Src/stm32f1xx_hal_rcc.o
                                        0xadd (size before relaxing)
 .debug_str     0x0000000000001e73      0x110 Drivers/STM32F1xx_HAL_Driver/Src/stm32f1xx_hal_rcc_ex.o
                                        0x8ba (size before relaxing)
 .debug_str     0x0000000000001f83      0x6dc Drivers/STM32F1xx_HAL_Driver/Src/stm32f1xx_hal_uart.o
                                       0x1047 (size before relaxing)
 .debug_str     0x000000000000265f       0x8c Src/main.o
                                       0x11a7 (size before relaxing)
 .debug_str     0x00000000000026eb       0x1b Src/stm32f1xx_hal_msp.o
                                        0xf5d (size before relaxing)
 .debug_str     0x0000000000002706       0xfd Src/stm32f1xx_it.o
                                        0xc4e (size before relaxing)
 .debug_str     0x0000000000002803       0x4d Src/system_stm32f1xx.o
                                        0x768 (size before relaxing)

.comment        0x0000000000000000       0x7c
 .comment       0x0000000000000000       0x7c Drivers/STM32F1xx_HAL_Driver/Src/stm32f1xx_hal.o
                                         0x7d (size before relaxing)
 .comment       0x000000000000007c       0x7d Drivers/STM32F1xx_HAL_Driver/Src/stm32f1xx_hal_adc.o
 .comment       0x000000000000007c       0x7d Drivers/STM32F1xx_HAL_Driver/Src/stm32f1xx_hal_adc_ex.o
 .comment       0x000000000000007c       0x7d Drivers/STM32F1xx_HAL_Driver/Src/stm32f1xx_hal_cortex.o
 .comment       0x000000000000007c       0x7d Drivers/STM32F1xx_HAL_Driver/Src/stm32f1xx_hal_dma.o
 .comment       0x000000000000007c       0x7d Drivers/STM32F1xx_HAL_Driver/Src/stm32f1xx_hal_gpio.o
 .comment       0x000000000000007c       0x7d Drivers/STM32F1xx_HAL_Driver/Src/stm32f1xx_hal_rcc.o
 .comment       0x000000000000007c       0x7d Drivers/STM32F1xx_HAL_Driver/Src/stm32f1xx_hal_rcc_ex.o
 .comment       0x000000000000007c       0x7d Drivers/STM32F1xx_HAL_Driver/Src/stm32f1xx_hal_uart.o
 .comment       0x000000000000007c       0x7d Src/main.o
 .comment       0x000000000000007c       0x7d Src/stm32f1xx_hal_msp.o
 .comment       0x000000000000007c       0x7d Src/stm32f1xx_it.o
 .comment       0x000000000000007c       0x7d Src/system_stm32f1xx.o

.debug_frame    0x0000000000000000     0x11b8
 .debug_frame   0x0000000000000000      0x1b0 Drivers/STM32F1xx_HAL_Driver/Src/stm32f1xx_hal.o
 .debug_frame   0x00000000000001b0      0x298 Drivers/STM32F1xx_HAL_Driver/Src/stm32f1xx_hal_adc.o
 .debug_frame   0x0000000000000448      0x170 Drivers/STM32F1xx_HAL_Driver/Src/stm32f1xx_hal_adc_ex.o
 .debug_frame   0x00000000000005b8      0x120 Drivers/STM32F1xx_HAL_Driver/Src/stm32f1xx_hal_cortex.o
 .debug_frame   0x00000000000006d8      0x144 Drivers/STM32F1xx_HAL_Driver/Src/stm32f1xx_hal_dma.o
 .debug_frame   0x000000000000081c       0xd4 Drivers/STM32F1xx_HAL_Driver/Src/stm32f1xx_hal_gpio.o
 .debug_frame   0x00000000000008f0      0x150 Drivers/STM32F1xx_HAL_Driver/Src/stm32f1xx_hal_rcc.o
 .debug_frame   0x0000000000000a40       0x6c Drivers/STM32F1xx_HAL_Driver/Src/stm32f1xx_hal_rcc_ex.o
 .debug_frame   0x0000000000000aac      0x4a0 Drivers/STM32F1xx_HAL_Driver/Src/stm32f1xx_hal_uart.o
 .debug_frame   0x0000000000000f4c       0x58 Src/main.o
 .debug_frame   0x0000000000000fa4       0xa8 Src/stm32f1xx_hal_msp.o
 .debug_frame   0x000000000000104c       0xf0 Src/stm32f1xx_it.o
 .debug_frame   0x000000000000113c       0x30 Src/system_stm32f1xx.o
 .debug_frame   0x000000000000116c       0x2c /opt/Atollic_TrueSTUDIO_for_STM32_x86_64_9.3.0/ARMTools/bin/../lib/gcc/arm-atollic-eabi/6.3.1/../../../../arm-atollic-eabi/lib/armv7-m/libc_nano.a(lib_a-init.o)
 .debug_frame   0x0000000000001198       0x20 /opt/Atollic_TrueSTUDIO_for_STM32_x86_64_9.3.0/ARMTools/bin/../lib/gcc/arm-atollic-eabi/6.3.1/../../../../arm-atollic-eabi/lib/armv7-m/libc_nano.a(lib_a-memset.o)
